running develop
running egg_info
writing ../../build/realtime_nvblox/realtime_nvblox.egg-info/PKG-INFO
writing dependency_links to ../../build/realtime_nvblox/realtime_nvblox.egg-info/dependency_links.txt
writing entry points to ../../build/realtime_nvblox/realtime_nvblox.egg-info/entry_points.txt
writing requirements to ../../build/realtime_nvblox/realtime_nvblox.egg-info/requires.txt
writing top-level names to ../../build/realtime_nvblox/realtime_nvblox.egg-info/top_level.txt
adding license file 'LICENSE'
writing manifest file '../../build/realtime_nvblox/realtime_nvblox.egg-info/SOURCES.txt'
running build
running build_py
copying realtime_nvblox/runtime.py -> /home/czz/realtime_nvblox_ws/build/realtime_nvblox/build/lib/realtime_nvblox
copying realtime_nvblox/nvblox_backend.py -> /home/czz/realtime_nvblox_ws/build/realtime_nvblox/build/lib/realtime_nvblox
copying realtime_nvblox/realsense_source.py -> /home/czz/realtime_nvblox_ws/build/realtime_nvblox/build/lib/realtime_nvblox
running install
running install_lib
running install_data
copying resource/realtime_nvblox -> /home/czz/realtime_nvblox_ws/install/realtime_nvblox/share/ament_index/resource_index/packages
copying package.xml -> /home/czz/realtime_nvblox_ws/install/realtime_nvblox/share/realtime_nvblox
copying README.md -> /home/czz/realtime_nvblox_ws/install/realtime_nvblox/share/realtime_nvblox
copying DEPLOY.md -> /home/czz/realtime_nvblox_ws/install/realtime_nvblox/share/realtime_nvblox
copying config/default.yaml -> /home/czz/realtime_nvblox_ws/install/realtime_nvblox/share/realtime_nvblox/config
copying launch/reconstruction.launch.py -> /home/czz/realtime_nvblox_ws/install/realtime_nvblox/share/realtime_nvblox/launch
copying rviz/realtime_nvblox.rviz -> /home/czz/realtime_nvblox_ws/install/realtime_nvblox/share/realtime_nvblox/rviz
running install_egg_info
removing '/home/czz/realtime_nvblox_ws/install/realtime_nvblox/lib/python3.10/site-packages/realtime_nvblox-1.0.0-py3.10.egg-info' (and everything under it)
Copying ../../build/realtime_nvblox/realtime_nvblox.egg-info to /home/czz/realtime_nvblox_ws/install/realtime_nvblox/lib/python3.10/site-packages/realtime_nvblox-1.0.0-py3.10.egg-info
running install_scripts
Installing check_environment script to /home/czz/realtime_nvblox_ws/install/realtime_nvblox/lib/realtime_nvblox
Installing ros_mapper script to /home/czz/realtime_nvblox_ws/install/realtime_nvblox/lib/realtime_nvblox
Installing standalone_mapper script to /home/czz/realtime_nvblox_ws/install/realtime_nvblox/lib/realtime_nvblox
writing list of installed files to '/home/czz/realtime_nvblox_ws/build/realtime_nvblox/install.log'
