-- The C compiler identification is GNU 11.4.0
-- The CXX compiler identification is GNU 11.4.0
-- Detecting C compiler ABI info
-- Detecting C compiler ABI info - done
-- Check for working C compiler: /usr/bin/cc - skipped
-- Detecting C compile features
-- Detecting C compile features - done
-- Detecting CXX compiler ABI info
-- Detecting CXX compiler ABI info - done
-- Check for working CXX compiler: /usr/bin/c++ - skipped
-- Detecting CXX compile features
-- Detecting CXX compile features - done
-- Found ament_cmake: 1.3.12 (/opt/ros/humble/share/ament_cmake/cmake)
-- Found Python3: /usr/bin/python3 (found version "3.10.12") found components: Interpreter 
-- Found geometry_msgs: 4.9.0 (/opt/ros/humble/share/geometry_msgs/cmake)
-- Found rosidl_generator_c: 3.1.7 (/opt/ros/humble/share/rosidl_generator_c/cmake)
-- Found rosidl_adapter: 3.1.7 (/opt/ros/humble/share/rosidl_adapter/cmake)
-- Found rosidl_generator_cpp: 3.1.7 (/opt/ros/humble/share/rosidl_generator_cpp/cmake)
-- Using all available rosidl_typesupport_c: rosidl_typesupport_fastrtps_c;rosidl_typesupport_introspection_c
-- Using all available rosidl_typesupport_cpp: rosidl_typesupport_fastrtps_cpp;rosidl_typesupport_introspection_cpp
-- Found rosidl_default_generators: 1.2.0 (/opt/ros/humble/share/rosidl_default_generators/cmake)
-- Found ament_cmake_ros: 0.10.0 (/opt/ros/humble/share/ament_cmake_ros/cmake)
-- Using all available rosidl_typesupport_c: rosidl_typesupport_fastrtps_c;rosidl_typesupport_introspection_c
-- Using all available rosidl_typesupport_cpp: rosidl_typesupport_fastrtps_cpp;rosidl_typesupport_introspection_cpp
-- Found PythonInterp: /usr/bin/python3 (found suitable version "3.10.12", minimum required is "3.6") 
-- Found python_cmake_module: 0.10.0 (/opt/ros/humble/share/python_cmake_module/cmake)
-- Found PythonLibs: /usr/lib/x86_64-linux-gnu/libpython3.10.so (found suitable version "3.10.12", minimum required is "3.5") 
-- Using PYTHON_EXECUTABLE: /usr/bin/python3
-- Using PYTHON_INCLUDE_DIRS: /usr/include/python3.10
-- Using PYTHON_LIBRARIES: /usr/lib/x86_64-linux-gnu/libpython3.10.so
-- Found PythonExtra: .so  
-- Configuring done
-- Generating done
-- Build files have been written to: /home/czz/realtime_nvblox_ws/build/realtime_nvblox_msgs
[  3%] [34m[1mGenerating C code for ROS interfaces[0m
[  6%] [34m[1mGenerating C++ code for ROS interfaces[0m
[  6%] Built target ament_cmake_python_copy_realtime_nvblox_msgs
[  6%] Built target realtime_nvblox_msgs__cpp
running egg_info
[  9%] [32mBuilding C object CMakeFiles/realtime_nvblox_msgs__rosidl_generator_c.dir/rosidl_generator_c/realtime_nvblox_msgs/msg/detail/esdf_grid3_d__functions.c.o[0m
[ 12%] [34m[1mGenerating C++ type support dispatch for ROS interfaces[0m
[ 16%] [34m[1mGenerating C++ introspection for ROS interfaces[0m
[ 19%] [34m[1mGenerating C++ type support for eProsima Fast-RTPS[0m
creating realtime_nvblox_msgs.egg-info
writing realtime_nvblox_msgs.egg-info/PKG-INFO
writing dependency_links to realtime_nvblox_msgs.egg-info/dependency_links.txt
writing top-level names to realtime_nvblox_msgs.egg-info/top_level.txt
writing manifest file 'realtime_nvblox_msgs.egg-info/SOURCES.txt'
[ 22%] [32m[1mLinking C shared library librealtime_nvblox_msgs__rosidl_generator_c.so[0m
[ 22%] Built target realtime_nvblox_msgs__rosidl_generator_c
[ 25%] [34m[1mGenerating C type support dispatch for ROS interfaces[0m
[ 32%] [34m[1mGenerating C introspection for ROS interfaces[0m
[ 32%] [34m[1mGenerating C type support for eProsima Fast-RTPS[0m
[ 35%] [32mBuilding CXX object CMakeFiles/realtime_nvblox_msgs__rosidl_typesupport_cpp.dir/rosidl_typesupport_cpp/realtime_nvblox_msgs/msg/esdf_grid3_d__type_support.cpp.o[0m
[ 38%] [32mBuilding CXX object CMakeFiles/realtime_nvblox_msgs__rosidl_typesupport_introspection_cpp.dir/rosidl_typesupport_introspection_cpp/realtime_nvblox_msgs/msg/detail/esdf_grid3_d__type_support.cpp.o[0m
reading manifest file 'realtime_nvblox_msgs.egg-info/SOURCES.txt'
writing manifest file 'realtime_nvblox_msgs.egg-info/SOURCES.txt'
[ 41%] [32mBuilding CXX object CMakeFiles/realtime_nvblox_msgs__rosidl_typesupport_fastrtps_cpp.dir/rosidl_typesupport_fastrtps_cpp/realtime_nvblox_msgs/msg/detail/dds_fastrtps/esdf_grid3_d__type_support.cpp.o[0m
[ 41%] Built target ament_cmake_python_build_realtime_nvblox_msgs_egg
[ 45%] [32mBuilding CXX object CMakeFiles/realtime_nvblox_msgs__rosidl_typesupport_c.dir/rosidl_typesupport_c/realtime_nvblox_msgs/msg/esdf_grid3_d__type_support.cpp.o[0m
[ 48%] [32mBuilding C object CMakeFiles/realtime_nvblox_msgs__rosidl_typesupport_introspection_c.dir/rosidl_typesupport_introspection_c/realtime_nvblox_msgs/msg/detail/esdf_grid3_d__type_support.c.o[0m
[ 51%] [32mBuilding CXX object CMakeFiles/realtime_nvblox_msgs__rosidl_typesupport_fastrtps_c.dir/rosidl_typesupport_fastrtps_c/realtime_nvblox_msgs/msg/detail/esdf_grid3_d__type_support_c.cpp.o[0m
[ 54%] [32m[1mLinking CXX shared library librealtime_nvblox_msgs__rosidl_typesupport_c.so[0m
[ 58%] [32m[1mLinking C shared library librealtime_nvblox_msgs__rosidl_typesupport_introspection_c.so[0m
[ 58%] Built target realtime_nvblox_msgs__rosidl_typesupport_c
[ 58%] Built target realtime_nvblox_msgs__rosidl_typesupport_introspection_c
[ 61%] [32m[1mLinking CXX shared library librealtime_nvblox_msgs__rosidl_typesupport_cpp.so[0m
[ 61%] Built target realtime_nvblox_msgs__rosidl_typesupport_cpp
[ 64%] [32m[1mLinking CXX shared library librealtime_nvblox_msgs__rosidl_typesupport_introspection_cpp.so[0m
[ 67%] [32m[1mLinking CXX shared library librealtime_nvblox_msgs__rosidl_typesupport_fastrtps_c.so[0m
[ 70%] [32m[1mLinking CXX shared library librealtime_nvblox_msgs__rosidl_typesupport_fastrtps_cpp.so[0m
[ 70%] Built target realtime_nvblox_msgs__rosidl_typesupport_introspection_cpp
[ 70%] Built target realtime_nvblox_msgs__rosidl_typesupport_fastrtps_c
[ 70%] Built target realtime_nvblox_msgs__rosidl_typesupport_fastrtps_cpp
[ 70%] Built target realtime_nvblox_msgs
[ 74%] [34m[1mGenerating Python code for ROS interfaces[0m
[ 74%] Built target realtime_nvblox_msgs__py
[ 77%] [32mBuilding C object CMakeFiles/realtime_nvblox_msgs__rosidl_generator_py.dir/rosidl_generator_py/realtime_nvblox_msgs/msg/_esdf_grid3_d_s.c.o[0m
[ 80%] [32m[1mLinking C shared library rosidl_generator_py/realtime_nvblox_msgs/librealtime_nvblox_msgs__rosidl_generator_py.so[0m
[ 80%] Built target realtime_nvblox_msgs__rosidl_generator_py
[ 83%] [32mBuilding C object CMakeFiles/realtime_nvblox_msgs__rosidl_typesupport_introspection_c__pyext.dir/rosidl_generator_py/realtime_nvblox_msgs/_realtime_nvblox_msgs_s.ep.rosidl_typesupport_introspection_c.c.o[0m
[ 87%] [32mBuilding C object CMakeFiles/realtime_nvblox_msgs__rosidl_typesupport_c__pyext.dir/rosidl_generator_py/realtime_nvblox_msgs/_realtime_nvblox_msgs_s.ep.rosidl_typesupport_c.c.o[0m
[ 90%] [32mBuilding C object CMakeFiles/realtime_nvblox_msgs__rosidl_typesupport_fastrtps_c__pyext.dir/rosidl_generator_py/realtime_nvblox_msgs/_realtime_nvblox_msgs_s.ep.rosidl_typesupport_fastrtps_c.c.o[0m
[100%] [32m[1mLinking C shared library rosidl_generator_py/realtime_nvblox_msgs/realtime_nvblox_msgs_s__rosidl_typesupport_fastrtps_c.cpython-310-x86_64-linux-gnu.so[0m
[100%] [32m[1mLinking C shared library rosidl_generator_py/realtime_nvblox_msgs/realtime_nvblox_msgs_s__rosidl_typesupport_c.cpython-310-x86_64-linux-gnu.so[0m
[100%] [32m[1mLinking C shared library rosidl_generator_py/realtime_nvblox_msgs/realtime_nvblox_msgs_s__rosidl_typesupport_introspection_c.cpython-310-x86_64-linux-gnu.so[0m
[100%] Built target realtime_nvblox_msgs__rosidl_typesupport_fastrtps_c__pyext
[100%] Built target realtime_nvblox_msgs__rosidl_typesupport_c__pyext
[100%] Built target realtime_nvblox_msgs__rosidl_typesupport_introspection_c__pyext
-- Install configuration: ""
-- Installing: /home/czz/realtime_nvblox_ws/install/realtime_nvblox_msgs/share/ament_index/resource_index/rosidl_interfaces/realtime_nvblox_msgs
-- Installing: /home/czz/realtime_nvblox_ws/install/realtime_nvblox_msgs/include/realtime_nvblox_msgs/realtime_nvblox_msgs
-- Installing: /home/czz/realtime_nvblox_ws/install/realtime_nvblox_msgs/include/realtime_nvblox_msgs/realtime_nvblox_msgs/msg
-- Installing: /home/czz/realtime_nvblox_ws/install/realtime_nvblox_msgs/include/realtime_nvblox_msgs/realtime_nvblox_msgs/msg/esdf_grid3_d.h
-- Installing: /home/czz/realtime_nvblox_ws/install/realtime_nvblox_msgs/include/realtime_nvblox_msgs/realtime_nvblox_msgs/msg/rosidl_generator_c__visibility_control.h
-- Installing: /home/czz/realtime_nvblox_ws/install/realtime_nvblox_msgs/include/realtime_nvblox_msgs/realtime_nvblox_msgs/msg/detail
-- Installing: /home/czz/realtime_nvblox_ws/install/realtime_nvblox_msgs/include/realtime_nvblox_msgs/realtime_nvblox_msgs/msg/detail/esdf_grid3_d__struct.h
-- Installing: /home/czz/realtime_nvblox_ws/install/realtime_nvblox_msgs/include/realtime_nvblox_msgs/realtime_nvblox_msgs/msg/detail/esdf_grid3_d__functions.c
-- Installing: /home/czz/realtime_nvblox_ws/install/realtime_nvblox_msgs/include/realtime_nvblox_msgs/realtime_nvblox_msgs/msg/detail/esdf_grid3_d__type_support.h
-- Installing: /home/czz/realtime_nvblox_ws/install/realtime_nvblox_msgs/include/realtime_nvblox_msgs/realtime_nvblox_msgs/msg/detail/esdf_grid3_d__functions.h
-- Installing: /home/czz/realtime_nvblox_ws/install/realtime_nvblox_msgs/share/realtime_nvblox_msgs/environment/library_path.sh
-- Installing: /home/czz/realtime_nvblox_ws/install/realtime_nvblox_msgs/share/realtime_nvblox_msgs/environment/library_path.dsv
-- Installing: /home/czz/realtime_nvblox_ws/install/realtime_nvblox_msgs/lib/librealtime_nvblox_msgs__rosidl_generator_c.so
-- Set runtime path of "/home/czz/realtime_nvblox_ws/install/realtime_nvblox_msgs/lib/librealtime_nvblox_msgs__rosidl_generator_c.so" to ""
-- Up-to-date: /home/czz/realtime_nvblox_ws/install/realtime_nvblox_msgs/include/realtime_nvblox_msgs/realtime_nvblox_msgs
-- Up-to-date: /home/czz/realtime_nvblox_ws/install/realtime_nvblox_msgs/include/realtime_nvblox_msgs/realtime_nvblox_msgs/msg
-- Installing: /home/czz/realtime_nvblox_ws/install/realtime_nvblox_msgs/include/realtime_nvblox_msgs/realtime_nvblox_msgs/msg/rosidl_typesupport_fastrtps_c__visibility_control.h
-- Up-to-date: /home/czz/realtime_nvblox_ws/install/realtime_nvblox_msgs/include/realtime_nvblox_msgs/realtime_nvblox_msgs/msg/detail
-- Installing: /home/czz/realtime_nvblox_ws/install/realtime_nvblox_msgs/include/realtime_nvblox_msgs/realtime_nvblox_msgs/msg/detail/esdf_grid3_d__rosidl_typesupport_fastrtps_c.h
-- Installing: /home/czz/realtime_nvblox_ws/install/realtime_nvblox_msgs/lib/librealtime_nvblox_msgs__rosidl_typesupport_fastrtps_c.so
-- Set runtime path of "/home/czz/realtime_nvblox_ws/install/realtime_nvblox_msgs/lib/librealtime_nvblox_msgs__rosidl_typesupport_fastrtps_c.so" to ""
-- Up-to-date: /home/czz/realtime_nvblox_ws/install/realtime_nvblox_msgs/include/realtime_nvblox_msgs/realtime_nvblox_msgs
-- Up-to-date: /home/czz/realtime_nvblox_ws/install/realtime_nvblox_msgs/include/realtime_nvblox_msgs/realtime_nvblox_msgs/msg
-- Installing: /home/czz/realtime_nvblox_ws/install/realtime_nvblox_msgs/include/realtime_nvblox_msgs/realtime_nvblox_msgs/msg/rosidl_generator_cpp__visibility_control.hpp
-- Installing: /home/czz/realtime_nvblox_ws/install/realtime_nvblox_msgs/include/realtime_nvblox_msgs/realtime_nvblox_msgs/msg/esdf_grid3_d.hpp
-- Up-to-date: /home/czz/realtime_nvblox_ws/install/realtime_nvblox_msgs/include/realtime_nvblox_msgs/realtime_nvblox_msgs/msg/detail
-- Installing: /home/czz/realtime_nvblox_ws/install/realtime_nvblox_msgs/include/realtime_nvblox_msgs/realtime_nvblox_msgs/msg/detail/esdf_grid3_d__traits.hpp
-- Installing: /home/czz/realtime_nvblox_ws/install/realtime_nvblox_msgs/include/realtime_nvblox_msgs/realtime_nvblox_msgs/msg/detail/esdf_grid3_d__type_support.hpp
-- Installing: /home/czz/realtime_nvblox_ws/install/realtime_nvblox_msgs/include/realtime_nvblox_msgs/realtime_nvblox_msgs/msg/detail/esdf_grid3_d__struct.hpp
-- Installing: /home/czz/realtime_nvblox_ws/install/realtime_nvblox_msgs/include/realtime_nvblox_msgs/realtime_nvblox_msgs/msg/detail/esdf_grid3_d__builder.hpp
-- Up-to-date: /home/czz/realtime_nvblox_ws/install/realtime_nvblox_msgs/include/realtime_nvblox_msgs/realtime_nvblox_msgs
-- Up-to-date: /home/czz/realtime_nvblox_ws/install/realtime_nvblox_msgs/include/realtime_nvblox_msgs/realtime_nvblox_msgs/msg
-- Up-to-date: /home/czz/realtime_nvblox_ws/install/realtime_nvblox_msgs/include/realtime_nvblox_msgs/realtime_nvblox_msgs/msg/detail
-- Installing: /home/czz/realtime_nvblox_ws/install/realtime_nvblox_msgs/include/realtime_nvblox_msgs/realtime_nvblox_msgs/msg/detail/esdf_grid3_d__rosidl_typesupport_fastrtps_cpp.hpp
-- Installing: /home/czz/realtime_nvblox_ws/install/realtime_nvblox_msgs/include/realtime_nvblox_msgs/realtime_nvblox_msgs/msg/detail/dds_fastrtps
-- Installing: /home/czz/realtime_nvblox_ws/install/realtime_nvblox_msgs/include/realtime_nvblox_msgs/realtime_nvblox_msgs/msg/rosidl_typesupport_fastrtps_cpp__visibility_control.h
-- Installing: /home/czz/realtime_nvblox_ws/install/realtime_nvblox_msgs/lib/librealtime_nvblox_msgs__rosidl_typesupport_fastrtps_cpp.so
-- Set runtime path of "/home/czz/realtime_nvblox_ws/install/realtime_nvblox_msgs/lib/librealtime_nvblox_msgs__rosidl_typesupport_fastrtps_cpp.so" to ""
-- Up-to-date: /home/czz/realtime_nvblox_ws/install/realtime_nvblox_msgs/include/realtime_nvblox_msgs/realtime_nvblox_msgs
-- Up-to-date: /home/czz/realtime_nvblox_ws/install/realtime_nvblox_msgs/include/realtime_nvblox_msgs/realtime_nvblox_msgs/msg
-- Up-to-date: /home/czz/realtime_nvblox_ws/install/realtime_nvblox_msgs/include/realtime_nvblox_msgs/realtime_nvblox_msgs/msg/detail
-- Installing: /home/czz/realtime_nvblox_ws/install/realtime_nvblox_msgs/include/realtime_nvblox_msgs/realtime_nvblox_msgs/msg/detail/esdf_grid3_d__rosidl_typesupport_introspection_c.h
-- Installing: /home/czz/realtime_nvblox_ws/install/realtime_nvblox_msgs/include/realtime_nvblox_msgs/realtime_nvblox_msgs/msg/detail/esdf_grid3_d__type_support.c
-- Installing: /home/czz/realtime_nvblox_ws/install/realtime_nvblox_msgs/include/realtime_nvblox_msgs/realtime_nvblox_msgs/msg/rosidl_typesupport_introspection_c__visibility_control.h
-- Installing: /home/czz/realtime_nvblox_ws/install/realtime_nvblox_msgs/lib/librealtime_nvblox_msgs__rosidl_typesupport_introspection_c.so
-- Set runtime path of "/home/czz/realtime_nvblox_ws/install/realtime_nvblox_msgs/lib/librealtime_nvblox_msgs__rosidl_typesupport_introspection_c.so" to ""
-- Installing: /home/czz/realtime_nvblox_ws/install/realtime_nvblox_msgs/lib/librealtime_nvblox_msgs__rosidl_typesupport_c.so
-- Set runtime path of "/home/czz/realtime_nvblox_ws/install/realtime_nvblox_msgs/lib/librealtime_nvblox_msgs__rosidl_typesupport_c.so" to ""
-- Up-to-date: /home/czz/realtime_nvblox_ws/install/realtime_nvblox_msgs/include/realtime_nvblox_msgs/realtime_nvblox_msgs
-- Up-to-date: /home/czz/realtime_nvblox_ws/install/realtime_nvblox_msgs/include/realtime_nvblox_msgs/realtime_nvblox_msgs/msg
-- Up-to-date: /home/czz/realtime_nvblox_ws/install/realtime_nvblox_msgs/include/realtime_nvblox_msgs/realtime_nvblox_msgs/msg/detail
-- Installing: /home/czz/realtime_nvblox_ws/install/realtime_nvblox_msgs/include/realtime_nvblox_msgs/realtime_nvblox_msgs/msg/detail/esdf_grid3_d__rosidl_typesupport_introspection_cpp.hpp
-- Installing: /home/czz/realtime_nvblox_ws/install/realtime_nvblox_msgs/include/realtime_nvblox_msgs/realtime_nvblox_msgs/msg/detail/esdf_grid3_d__type_support.cpp
-- Installing: /home/czz/realtime_nvblox_ws/install/realtime_nvblox_msgs/lib/librealtime_nvblox_msgs__rosidl_typesupport_introspection_cpp.so
-- Set runtime path of "/home/czz/realtime_nvblox_ws/install/realtime_nvblox_msgs/lib/librealtime_nvblox_msgs__rosidl_typesupport_introspection_cpp.so" to ""
-- Installing: /home/czz/realtime_nvblox_ws/install/realtime_nvblox_msgs/lib/librealtime_nvblox_msgs__rosidl_typesupport_cpp.so
-- Set runtime path of "/home/czz/realtime_nvblox_ws/install/realtime_nvblox_msgs/lib/librealtime_nvblox_msgs__rosidl_typesupport_cpp.so" to ""
-- Installing: /home/czz/realtime_nvblox_ws/install/realtime_nvblox_msgs/share/realtime_nvblox_msgs/environment/pythonpath.sh
-- Installing: /home/czz/realtime_nvblox_ws/install/realtime_nvblox_msgs/share/realtime_nvblox_msgs/environment/pythonpath.dsv
-- Installing: /home/czz/realtime_nvblox_ws/install/realtime_nvblox_msgs/local/lib/python3.10/dist-packages/realtime_nvblox_msgs-1.0.0-py3.10.egg-info
-- Installing: /home/czz/realtime_nvblox_ws/install/realtime_nvblox_msgs/local/lib/python3.10/dist-packages/realtime_nvblox_msgs-1.0.0-py3.10.egg-info/dependency_links.txt
-- Installing: /home/czz/realtime_nvblox_ws/install/realtime_nvblox_msgs/local/lib/python3.10/dist-packages/realtime_nvblox_msgs-1.0.0-py3.10.egg-info/SOURCES.txt
-- Installing: /home/czz/realtime_nvblox_ws/install/realtime_nvblox_msgs/local/lib/python3.10/dist-packages/realtime_nvblox_msgs-1.0.0-py3.10.egg-info/PKG-INFO
-- Installing: /home/czz/realtime_nvblox_ws/install/realtime_nvblox_msgs/local/lib/python3.10/dist-packages/realtime_nvblox_msgs-1.0.0-py3.10.egg-info/top_level.txt
-- Installing: /home/czz/realtime_nvblox_ws/install/realtime_nvblox_msgs/local/lib/python3.10/dist-packages/realtime_nvblox_msgs
-- Installing: /home/czz/realtime_nvblox_ws/install/realtime_nvblox_msgs/local/lib/python3.10/dist-packages/realtime_nvblox_msgs/librealtime_nvblox_msgs__rosidl_generator_py.so
-- Installing: /home/czz/realtime_nvblox_ws/install/realtime_nvblox_msgs/local/lib/python3.10/dist-packages/realtime_nvblox_msgs/_realtime_nvblox_msgs_s.ep.rosidl_typesupport_fastrtps_c.c
-- Installing: /home/czz/realtime_nvblox_ws/install/realtime_nvblox_msgs/local/lib/python3.10/dist-packages/realtime_nvblox_msgs/_realtime_nvblox_msgs_s.ep.rosidl_typesupport_introspection_c.c
-- Installing: /home/czz/realtime_nvblox_ws/install/realtime_nvblox_msgs/local/lib/python3.10/dist-packages/realtime_nvblox_msgs/realtime_nvblox_msgs_s__rosidl_typesupport_introspection_c.cpython-310-x86_64-linux-gnu.so
-- Installing: /home/czz/realtime_nvblox_ws/install/realtime_nvblox_msgs/local/lib/python3.10/dist-packages/realtime_nvblox_msgs/realtime_nvblox_msgs_s__rosidl_typesupport_fastrtps_c.cpython-310-x86_64-linux-gnu.so
-- Installing: /home/czz/realtime_nvblox_ws/install/realtime_nvblox_msgs/local/lib/python3.10/dist-packages/realtime_nvblox_msgs/__init__.py
-- Installing: /home/czz/realtime_nvblox_ws/install/realtime_nvblox_msgs/local/lib/python3.10/dist-packages/realtime_nvblox_msgs/_realtime_nvblox_msgs_s.ep.rosidl_typesupport_c.c
-- Installing: /home/czz/realtime_nvblox_ws/install/realtime_nvblox_msgs/local/lib/python3.10/dist-packages/realtime_nvblox_msgs/realtime_nvblox_msgs_s__rosidl_typesupport_c.cpython-310-x86_64-linux-gnu.so
-- Installing: /home/czz/realtime_nvblox_ws/install/realtime_nvblox_msgs/local/lib/python3.10/dist-packages/realtime_nvblox_msgs/msg
-- Installing: /home/czz/realtime_nvblox_ws/install/realtime_nvblox_msgs/local/lib/python3.10/dist-packages/realtime_nvblox_msgs/msg/_esdf_grid3_d.py
-- Installing: /home/czz/realtime_nvblox_ws/install/realtime_nvblox_msgs/local/lib/python3.10/dist-packages/realtime_nvblox_msgs/msg/__init__.py
-- Installing: /home/czz/realtime_nvblox_ws/install/realtime_nvblox_msgs/local/lib/python3.10/dist-packages/realtime_nvblox_msgs/msg/_esdf_grid3_d_s.c
Listing '/home/czz/realtime_nvblox_ws/install/realtime_nvblox_msgs/local/lib/python3.10/dist-packages/realtime_nvblox_msgs'...
Compiling '/home/czz/realtime_nvblox_ws/install/realtime_nvblox_msgs/local/lib/python3.10/dist-packages/realtime_nvblox_msgs/__init__.py'...
Listing '/home/czz/realtime_nvblox_ws/install/realtime_nvblox_msgs/local/lib/python3.10/dist-packages/realtime_nvblox_msgs/msg'...
Compiling '/home/czz/realtime_nvblox_ws/install/realtime_nvblox_msgs/local/lib/python3.10/dist-packages/realtime_nvblox_msgs/msg/__init__.py'...
Compiling '/home/czz/realtime_nvblox_ws/install/realtime_nvblox_msgs/local/lib/python3.10/dist-packages/realtime_nvblox_msgs/msg/_esdf_grid3_d.py'...
-- Installing: /home/czz/realtime_nvblox_ws/install/realtime_nvblox_msgs/local/lib/python3.10/dist-packages/realtime_nvblox_msgs/realtime_nvblox_msgs_s__rosidl_typesupport_fastrtps_c.cpython-310-x86_64-linux-gnu.so
-- Set runtime path of "/home/czz/realtime_nvblox_ws/install/realtime_nvblox_msgs/local/lib/python3.10/dist-packages/realtime_nvblox_msgs/realtime_nvblox_msgs_s__rosidl_typesupport_fastrtps_c.cpython-310-x86_64-linux-gnu.so" to ""
-- Installing: /home/czz/realtime_nvblox_ws/install/realtime_nvblox_msgs/local/lib/python3.10/dist-packages/realtime_nvblox_msgs/realtime_nvblox_msgs_s__rosidl_typesupport_introspection_c.cpython-310-x86_64-linux-gnu.so
-- Set runtime path of "/home/czz/realtime_nvblox_ws/install/realtime_nvblox_msgs/local/lib/python3.10/dist-packages/realtime_nvblox_msgs/realtime_nvblox_msgs_s__rosidl_typesupport_introspection_c.cpython-310-x86_64-linux-gnu.so" to ""
-- Installing: /home/czz/realtime_nvblox_ws/install/realtime_nvblox_msgs/local/lib/python3.10/dist-packages/realtime_nvblox_msgs/realtime_nvblox_msgs_s__rosidl_typesupport_c.cpython-310-x86_64-linux-gnu.so
-- Set runtime path of "/home/czz/realtime_nvblox_ws/install/realtime_nvblox_msgs/local/lib/python3.10/dist-packages/realtime_nvblox_msgs/realtime_nvblox_msgs_s__rosidl_typesupport_c.cpython-310-x86_64-linux-gnu.so" to ""
-- Installing: /home/czz/realtime_nvblox_ws/install/realtime_nvblox_msgs/lib/librealtime_nvblox_msgs__rosidl_generator_py.so
-- Set runtime path of "/home/czz/realtime_nvblox_ws/install/realtime_nvblox_msgs/lib/librealtime_nvblox_msgs__rosidl_generator_py.so" to ""
-- Installing: /home/czz/realtime_nvblox_ws/install/realtime_nvblox_msgs/share/realtime_nvblox_msgs/msg/EsdfGrid3D.idl
-- Installing: /home/czz/realtime_nvblox_ws/install/realtime_nvblox_msgs/share/realtime_nvblox_msgs/msg/EsdfGrid3D.msg
-- Installing: /home/czz/realtime_nvblox_ws/install/realtime_nvblox_msgs/share/ament_index/resource_index/package_run_dependencies/realtime_nvblox_msgs
-- Installing: /home/czz/realtime_nvblox_ws/install/realtime_nvblox_msgs/share/ament_index/resource_index/parent_prefix_path/realtime_nvblox_msgs
-- Installing: /home/czz/realtime_nvblox_ws/install/realtime_nvblox_msgs/share/realtime_nvblox_msgs/environment/ament_prefix_path.sh
-- Installing: /home/czz/realtime_nvblox_ws/install/realtime_nvblox_msgs/share/realtime_nvblox_msgs/environment/ament_prefix_path.dsv
-- Installing: /home/czz/realtime_nvblox_ws/install/realtime_nvblox_msgs/share/realtime_nvblox_msgs/environment/path.sh
-- Installing: /home/czz/realtime_nvblox_ws/install/realtime_nvblox_msgs/share/realtime_nvblox_msgs/environment/path.dsv
-- Installing: /home/czz/realtime_nvblox_ws/install/realtime_nvblox_msgs/share/realtime_nvblox_msgs/local_setup.bash
-- Installing: /home/czz/realtime_nvblox_ws/install/realtime_nvblox_msgs/share/realtime_nvblox_msgs/local_setup.sh
-- Installing: /home/czz/realtime_nvblox_ws/install/realtime_nvblox_msgs/share/realtime_nvblox_msgs/local_setup.zsh
-- Installing: /home/czz/realtime_nvblox_ws/install/realtime_nvblox_msgs/share/realtime_nvblox_msgs/local_setup.dsv
-- Installing: /home/czz/realtime_nvblox_ws/install/realtime_nvblox_msgs/share/realtime_nvblox_msgs/package.dsv
-- Installing: /home/czz/realtime_nvblox_ws/install/realtime_nvblox_msgs/share/ament_index/resource_index/packages/realtime_nvblox_msgs
-- Installing: /home/czz/realtime_nvblox_ws/install/realtime_nvblox_msgs/share/realtime_nvblox_msgs/cmake/export_realtime_nvblox_msgs__rosidl_generator_cExport.cmake
-- Installing: /home/czz/realtime_nvblox_ws/install/realtime_nvblox_msgs/share/realtime_nvblox_msgs/cmake/export_realtime_nvblox_msgs__rosidl_generator_cExport-noconfig.cmake
-- Installing: /home/czz/realtime_nvblox_ws/install/realtime_nvblox_msgs/share/realtime_nvblox_msgs/cmake/export_realtime_nvblox_msgs__rosidl_typesupport_fastrtps_cExport.cmake
-- Installing: /home/czz/realtime_nvblox_ws/install/realtime_nvblox_msgs/share/realtime_nvblox_msgs/cmake/export_realtime_nvblox_msgs__rosidl_typesupport_fastrtps_cExport-noconfig.cmake
-- Installing: /home/czz/realtime_nvblox_ws/install/realtime_nvblox_msgs/share/realtime_nvblox_msgs/cmake/export_realtime_nvblox_msgs__rosidl_generator_cppExport.cmake
-- Installing: /home/czz/realtime_nvblox_ws/install/realtime_nvblox_msgs/share/realtime_nvblox_msgs/cmake/export_realtime_nvblox_msgs__rosidl_typesupport_fastrtps_cppExport.cmake
-- Installing: /home/czz/realtime_nvblox_ws/install/realtime_nvblox_msgs/share/realtime_nvblox_msgs/cmake/export_realtime_nvblox_msgs__rosidl_typesupport_fastrtps_cppExport-noconfig.cmake
-- Installing: /home/czz/realtime_nvblox_ws/install/realtime_nvblox_msgs/share/realtime_nvblox_msgs/cmake/realtime_nvblox_msgs__rosidl_typesupport_introspection_cExport.cmake
-- Installing: /home/czz/realtime_nvblox_ws/install/realtime_nvblox_msgs/share/realtime_nvblox_msgs/cmake/realtime_nvblox_msgs__rosidl_typesupport_introspection_cExport-noconfig.cmake
-- Installing: /home/czz/realtime_nvblox_ws/install/realtime_nvblox_msgs/share/realtime_nvblox_msgs/cmake/realtime_nvblox_msgs__rosidl_typesupport_cExport.cmake
-- Installing: /home/czz/realtime_nvblox_ws/install/realtime_nvblox_msgs/share/realtime_nvblox_msgs/cmake/realtime_nvblox_msgs__rosidl_typesupport_cExport-noconfig.cmake
-- Installing: /home/czz/realtime_nvblox_ws/install/realtime_nvblox_msgs/share/realtime_nvblox_msgs/cmake/realtime_nvblox_msgs__rosidl_typesupport_introspection_cppExport.cmake
-- Installing: /home/czz/realtime_nvblox_ws/install/realtime_nvblox_msgs/share/realtime_nvblox_msgs/cmake/realtime_nvblox_msgs__rosidl_typesupport_introspection_cppExport-noconfig.cmake
-- Installing: /home/czz/realtime_nvblox_ws/install/realtime_nvblox_msgs/share/realtime_nvblox_msgs/cmake/realtime_nvblox_msgs__rosidl_typesupport_cppExport.cmake
-- Installing: /home/czz/realtime_nvblox_ws/install/realtime_nvblox_msgs/share/realtime_nvblox_msgs/cmake/realtime_nvblox_msgs__rosidl_typesupport_cppExport-noconfig.cmake
-- Installing: /home/czz/realtime_nvblox_ws/install/realtime_nvblox_msgs/share/realtime_nvblox_msgs/cmake/export_realtime_nvblox_msgs__rosidl_generator_pyExport.cmake
-- Installing: /home/czz/realtime_nvblox_ws/install/realtime_nvblox_msgs/share/realtime_nvblox_msgs/cmake/export_realtime_nvblox_msgs__rosidl_generator_pyExport-noconfig.cmake
-- Installing: /home/czz/realtime_nvblox_ws/install/realtime_nvblox_msgs/share/realtime_nvblox_msgs/cmake/rosidl_cmake-extras.cmake
-- Installing: /home/czz/realtime_nvblox_ws/install/realtime_nvblox_msgs/share/realtime_nvblox_msgs/cmake/ament_cmake_export_dependencies-extras.cmake
-- Installing: /home/czz/realtime_nvblox_ws/install/realtime_nvblox_msgs/share/realtime_nvblox_msgs/cmake/ament_cmake_export_include_directories-extras.cmake
-- Installing: /home/czz/realtime_nvblox_ws/install/realtime_nvblox_msgs/share/realtime_nvblox_msgs/cmake/ament_cmake_export_libraries-extras.cmake
-- Installing: /home/czz/realtime_nvblox_ws/install/realtime_nvblox_msgs/share/realtime_nvblox_msgs/cmake/ament_cmake_export_targets-extras.cmake
-- Installing: /home/czz/realtime_nvblox_ws/install/realtime_nvblox_msgs/share/realtime_nvblox_msgs/cmake/rosidl_cmake_export_typesupport_targets-extras.cmake
-- Installing: /home/czz/realtime_nvblox_ws/install/realtime_nvblox_msgs/share/realtime_nvblox_msgs/cmake/rosidl_cmake_export_typesupport_libraries-extras.cmake
-- Installing: /home/czz/realtime_nvblox_ws/install/realtime_nvblox_msgs/share/realtime_nvblox_msgs/cmake/realtime_nvblox_msgsConfig.cmake
-- Installing: /home/czz/realtime_nvblox_ws/install/realtime_nvblox_msgs/share/realtime_nvblox_msgs/cmake/realtime_nvblox_msgsConfig-version.cmake
-- Installing: /home/czz/realtime_nvblox_ws/install/realtime_nvblox_msgs/share/realtime_nvblox_msgs/package.xml
