[0.005s] Invoking command in '/home/czz/realtime_nvblox_ws/build/realtime_nvblox_msgs': CMAKE_PREFIX_PATH=/opt/ros/humble /usr/bin/cmake /home/czz/realtime_nvblox_ws/src/realtime_nvblox_msgs -DCMAKE_INSTALL_PREFIX=/home/czz/realtime_nvblox_ws/install/realtime_nvblox_msgs
[0.141s] -- The C compiler identification is GNU 11.4.0
[0.217s] -- The CXX compiler identification is GNU 11.4.0
[0.226s] -- Detecting C compiler ABI info
[0.274s] -- Detecting C compiler ABI info - done
[0.278s] -- Check for working C compiler: /usr/bin/cc - skipped
[0.278s] -- Detecting C compile features
[0.279s] -- Detecting C compile features - done
[0.281s] -- Detecting CXX compiler ABI info
[0.337s] -- Detecting CXX compiler ABI info - done
[0.341s] -- Check for working CXX compiler: /usr/bin/c++ - skipped
[0.341s] -- Detecting CXX compile features
[0.342s] -- Detecting CXX compile features - done
[0.354s] -- Found ament_cmake: 1.3.12 (/opt/ros/humble/share/ament_cmake/cmake)
[0.595s] -- Found Python3: /usr/bin/python3 (found version "3.10.12") found components: Interpreter 
[0.666s] -- Found geometry_msgs: 4.9.0 (/opt/ros/humble/share/geometry_msgs/cmake)
[0.702s] -- Found rosidl_generator_c: 3.1.7 (/opt/ros/humble/share/rosidl_generator_c/cmake)
[0.707s] -- Found rosidl_adapter: 3.1.7 (/opt/ros/humble/share/rosidl_adapter/cmake)
[0.714s] -- Found rosidl_generator_cpp: 3.1.7 (/opt/ros/humble/share/rosidl_generator_cpp/cmake)
[0.727s] -- Using all available rosidl_typesupport_c: rosidl_typesupport_fastrtps_c;rosidl_typesupport_introspection_c
[0.740s] -- Using all available rosidl_typesupport_cpp: rosidl_typesupport_fastrtps_cpp;rosidl_typesupport_introspection_cpp
[0.770s] -- Found rosidl_default_generators: 1.2.0 (/opt/ros/humble/share/rosidl_default_generators/cmake)
[0.979s] -- Found ament_cmake_ros: 0.10.0 (/opt/ros/humble/share/ament_cmake_ros/cmake)
[1.264s] -- Using all available rosidl_typesupport_c: rosidl_typesupport_fastrtps_c;rosidl_typesupport_introspection_c
[1.372s] -- Using all available rosidl_typesupport_cpp: rosidl_typesupport_fastrtps_cpp;rosidl_typesupport_introspection_cpp
[1.392s] -- Found PythonInterp: /usr/bin/python3 (found suitable version "3.10.12", minimum required is "3.6") 
[1.393s] -- Found python_cmake_module: 0.10.0 (/opt/ros/humble/share/python_cmake_module/cmake)
[1.417s] -- Found PythonLibs: /usr/lib/x86_64-linux-gnu/libpython3.10.so (found suitable version "3.10.12", minimum required is "3.5") 
[1.417s] -- Using PYTHON_EXECUTABLE: /usr/bin/python3
[1.417s] -- Using PYTHON_INCLUDE_DIRS: /usr/include/python3.10
[1.417s] -- Using PYTHON_LIBRARIES: /usr/lib/x86_64-linux-gnu/libpython3.10.so
[1.434s] -- Found PythonExtra: .so  
[1.478s] -- Configuring done
[1.494s] -- Generating done
[1.500s] -- Build files have been written to: /home/czz/realtime_nvblox_ws/build/realtime_nvblox_msgs
[1.505s] Invoked command in '/home/czz/realtime_nvblox_ws/build/realtime_nvblox_msgs' returned '0': CMAKE_PREFIX_PATH=/opt/ros/humble /usr/bin/cmake /home/czz/realtime_nvblox_ws/src/realtime_nvblox_msgs -DCMAKE_INSTALL_PREFIX=/home/czz/realtime_nvblox_ws/install/realtime_nvblox_msgs
[1.506s] Invoking command in '/home/czz/realtime_nvblox_ws/build/realtime_nvblox_msgs': CMAKE_PREFIX_PATH=/opt/ros/humble /usr/bin/cmake --build /home/czz/realtime_nvblox_ws/build/realtime_nvblox_msgs -- -j20 -l20
[1.533s] [  3%] [34m[1mGenerating C code for ROS interfaces[0m
[1.540s] [  6%] [34m[1mGenerating C++ code for ROS interfaces[0m
[1.549s] [  6%] Built target ament_cmake_python_copy_realtime_nvblox_msgs
[1.709s] [  6%] Built target realtime_nvblox_msgs__cpp
[1.710s] running egg_info
[1.713s] [  9%] [32mBuilding C object CMakeFiles/realtime_nvblox_msgs__rosidl_generator_c.dir/rosidl_generator_c/realtime_nvblox_msgs/msg/detail/esdf_grid3_d__functions.c.o[0m
[1.714s] [ 12%] [34m[1mGenerating C++ type support dispatch for ROS interfaces[0m
[1.714s] [ 16%] [34m[1mGenerating C++ introspection for ROS interfaces[0m
[1.715s] [ 19%] [34m[1mGenerating C++ type support for eProsima Fast-RTPS[0m
[1.720s] creating realtime_nvblox_msgs.egg-info
[1.720s] writing realtime_nvblox_msgs.egg-info/PKG-INFO
[1.720s] writing dependency_links to realtime_nvblox_msgs.egg-info/dependency_links.txt
[1.720s] writing top-level names to realtime_nvblox_msgs.egg-info/top_level.txt
[1.720s] writing manifest file 'realtime_nvblox_msgs.egg-info/SOURCES.txt'
[1.777s] [ 22%] [32m[1mLinking C shared library librealtime_nvblox_msgs__rosidl_generator_c.so[0m
[1.805s] [ 22%] Built target realtime_nvblox_msgs__rosidl_generator_c
[1.812s] [ 25%] [34m[1mGenerating C type support dispatch for ROS interfaces[0m
[1.814s] [ 32%] [34m[1mGenerating C introspection for ROS interfaces[0m
[1.814s] [ 32%] [34m[1mGenerating C type support for eProsima Fast-RTPS[0m
[1.878s] [ 35%] [32mBuilding CXX object CMakeFiles/realtime_nvblox_msgs__rosidl_typesupport_cpp.dir/rosidl_typesupport_cpp/realtime_nvblox_msgs/msg/esdf_grid3_d__type_support.cpp.o[0m
[1.886s] [ 38%] [32mBuilding CXX object CMakeFiles/realtime_nvblox_msgs__rosidl_typesupport_introspection_cpp.dir/rosidl_typesupport_introspection_cpp/realtime_nvblox_msgs/msg/detail/esdf_grid3_d__type_support.cpp.o[0m
[1.908s] reading manifest file 'realtime_nvblox_msgs.egg-info/SOURCES.txt'
[1.909s] writing manifest file 'realtime_nvblox_msgs.egg-info/SOURCES.txt'
[1.931s] [ 41%] [32mBuilding CXX object CMakeFiles/realtime_nvblox_msgs__rosidl_typesupport_fastrtps_cpp.dir/rosidl_typesupport_fastrtps_cpp/realtime_nvblox_msgs/msg/detail/dds_fastrtps/esdf_grid3_d__type_support.cpp.o[0m
[1.947s] [ 41%] Built target ament_cmake_python_build_realtime_nvblox_msgs_egg
[1.970s] [ 45%] [32mBuilding CXX object CMakeFiles/realtime_nvblox_msgs__rosidl_typesupport_c.dir/rosidl_typesupport_c/realtime_nvblox_msgs/msg/esdf_grid3_d__type_support.cpp.o[0m
[1.984s] [ 48%] [32mBuilding C object CMakeFiles/realtime_nvblox_msgs__rosidl_typesupport_introspection_c.dir/rosidl_typesupport_introspection_c/realtime_nvblox_msgs/msg/detail/esdf_grid3_d__type_support.c.o[0m
[1.994s] [ 51%] [32mBuilding CXX object CMakeFiles/realtime_nvblox_msgs__rosidl_typesupport_fastrtps_c.dir/rosidl_typesupport_fastrtps_c/realtime_nvblox_msgs/msg/detail/esdf_grid3_d__type_support_c.cpp.o[0m
[1.995s] [ 54%] [32m[1mLinking CXX shared library librealtime_nvblox_msgs__rosidl_typesupport_c.so[0m
[2.021s] [ 58%] [32m[1mLinking C shared library librealtime_nvblox_msgs__rosidl_typesupport_introspection_c.so[0m
[2.032s] [ 58%] Built target realtime_nvblox_msgs__rosidl_typesupport_c
[2.048s] [ 58%] Built target realtime_nvblox_msgs__rosidl_typesupport_introspection_c
[2.055s] [ 61%] [32m[1mLinking CXX shared library librealtime_nvblox_msgs__rosidl_typesupport_cpp.so[0m
[2.084s] [ 61%] Built target realtime_nvblox_msgs__rosidl_typesupport_cpp
[2.147s] [ 64%] [32m[1mLinking CXX shared library librealtime_nvblox_msgs__rosidl_typesupport_introspection_cpp.so[0m
[2.163s] [ 67%] [32m[1mLinking CXX shared library librealtime_nvblox_msgs__rosidl_typesupport_fastrtps_c.so[0m
[2.187s] [ 70%] [32m[1mLinking CXX shared library librealtime_nvblox_msgs__rosidl_typesupport_fastrtps_cpp.so[0m
[2.201s] [ 70%] Built target realtime_nvblox_msgs__rosidl_typesupport_introspection_cpp
[2.209s] [ 70%] Built target realtime_nvblox_msgs__rosidl_typesupport_fastrtps_c
[2.236s] [ 70%] Built target realtime_nvblox_msgs__rosidl_typesupport_fastrtps_cpp
[2.250s] [ 70%] Built target realtime_nvblox_msgs
[2.266s] [ 74%] [34m[1mGenerating Python code for ROS interfaces[0m
[2.495s] [ 74%] Built target realtime_nvblox_msgs__py
[2.510s] [ 77%] [32mBuilding C object CMakeFiles/realtime_nvblox_msgs__rosidl_generator_py.dir/rosidl_generator_py/realtime_nvblox_msgs/msg/_esdf_grid3_d_s.c.o[0m
[2.606s] [ 80%] [32m[1mLinking C shared library rosidl_generator_py/realtime_nvblox_msgs/librealtime_nvblox_msgs__rosidl_generator_py.so[0m
[2.634s] [ 80%] Built target realtime_nvblox_msgs__rosidl_generator_py
[2.650s] [ 83%] [32mBuilding C object CMakeFiles/realtime_nvblox_msgs__rosidl_typesupport_introspection_c__pyext.dir/rosidl_generator_py/realtime_nvblox_msgs/_realtime_nvblox_msgs_s.ep.rosidl_typesupport_introspection_c.c.o[0m
[2.651s] [ 87%] [32mBuilding C object CMakeFiles/realtime_nvblox_msgs__rosidl_typesupport_c__pyext.dir/rosidl_generator_py/realtime_nvblox_msgs/_realtime_nvblox_msgs_s.ep.rosidl_typesupport_c.c.o[0m
[2.651s] [ 90%] [32mBuilding C object CMakeFiles/realtime_nvblox_msgs__rosidl_typesupport_fastrtps_c__pyext.dir/rosidl_generator_py/realtime_nvblox_msgs/_realtime_nvblox_msgs_s.ep.rosidl_typesupport_fastrtps_c.c.o[0m
[2.704s] [100%] [32m[1mLinking C shared library rosidl_generator_py/realtime_nvblox_msgs/realtime_nvblox_msgs_s__rosidl_typesupport_fastrtps_c.cpython-310-x86_64-linux-gnu.so[0m
[2.704s] [100%] [32m[1mLinking C shared library rosidl_generator_py/realtime_nvblox_msgs/realtime_nvblox_msgs_s__rosidl_typesupport_c.cpython-310-x86_64-linux-gnu.so[0m
[2.704s] [100%] [32m[1mLinking C shared library rosidl_generator_py/realtime_nvblox_msgs/realtime_nvblox_msgs_s__rosidl_typesupport_introspection_c.cpython-310-x86_64-linux-gnu.so[0m
[2.731s] [100%] Built target realtime_nvblox_msgs__rosidl_typesupport_fastrtps_c__pyext
[2.732s] [100%] Built target realtime_nvblox_msgs__rosidl_typesupport_c__pyext
[2.733s] [100%] Built target realtime_nvblox_msgs__rosidl_typesupport_introspection_c__pyext
[2.740s] Invoked command in '/home/czz/realtime_nvblox_ws/build/realtime_nvblox_msgs' returned '0': CMAKE_PREFIX_PATH=/opt/ros/humble /usr/bin/cmake --build /home/czz/realtime_nvblox_ws/build/realtime_nvblox_msgs -- -j20 -l20
[2.749s] Invoking command in '/home/czz/realtime_nvblox_ws/build/realtime_nvblox_msgs': CMAKE_PREFIX_PATH=/opt/ros/humble /usr/bin/cmake --install /home/czz/realtime_nvblox_ws/build/realtime_nvblox_msgs
[2.754s] -- Install configuration: ""
[2.754s] -- Installing: /home/czz/realtime_nvblox_ws/install/realtime_nvblox_msgs/share/ament_index/resource_index/rosidl_interfaces/realtime_nvblox_msgs
[2.754s] -- Installing: /home/czz/realtime_nvblox_ws/install/realtime_nvblox_msgs/include/realtime_nvblox_msgs/realtime_nvblox_msgs
[2.755s] -- Installing: /home/czz/realtime_nvblox_ws/install/realtime_nvblox_msgs/include/realtime_nvblox_msgs/realtime_nvblox_msgs/msg
[2.755s] -- Installing: /home/czz/realtime_nvblox_ws/install/realtime_nvblox_msgs/include/realtime_nvblox_msgs/realtime_nvblox_msgs/msg/esdf_grid3_d.h
[2.755s] -- Installing: /home/czz/realtime_nvblox_ws/install/realtime_nvblox_msgs/include/realtime_nvblox_msgs/realtime_nvblox_msgs/msg/rosidl_generator_c__visibility_control.h
[2.755s] -- Installing: /home/czz/realtime_nvblox_ws/install/realtime_nvblox_msgs/include/realtime_nvblox_msgs/realtime_nvblox_msgs/msg/detail
[2.755s] -- Installing: /home/czz/realtime_nvblox_ws/install/realtime_nvblox_msgs/include/realtime_nvblox_msgs/realtime_nvblox_msgs/msg/detail/esdf_grid3_d__struct.h
[2.755s] -- Installing: /home/czz/realtime_nvblox_ws/install/realtime_nvblox_msgs/include/realtime_nvblox_msgs/realtime_nvblox_msgs/msg/detail/esdf_grid3_d__functions.c
[2.755s] -- Installing: /home/czz/realtime_nvblox_ws/install/realtime_nvblox_msgs/include/realtime_nvblox_msgs/realtime_nvblox_msgs/msg/detail/esdf_grid3_d__type_support.h
[2.755s] -- Installing: /home/czz/realtime_nvblox_ws/install/realtime_nvblox_msgs/include/realtime_nvblox_msgs/realtime_nvblox_msgs/msg/detail/esdf_grid3_d__functions.h
[2.755s] -- Installing: /home/czz/realtime_nvblox_ws/install/realtime_nvblox_msgs/share/realtime_nvblox_msgs/environment/library_path.sh
[2.755s] -- Installing: /home/czz/realtime_nvblox_ws/install/realtime_nvblox_msgs/share/realtime_nvblox_msgs/environment/library_path.dsv
[2.755s] -- Installing: /home/czz/realtime_nvblox_ws/install/realtime_nvblox_msgs/lib/librealtime_nvblox_msgs__rosidl_generator_c.so
[2.755s] -- Set runtime path of "/home/czz/realtime_nvblox_ws/install/realtime_nvblox_msgs/lib/librealtime_nvblox_msgs__rosidl_generator_c.so" to ""
[2.756s] -- Up-to-date: /home/czz/realtime_nvblox_ws/install/realtime_nvblox_msgs/include/realtime_nvblox_msgs/realtime_nvblox_msgs
[2.756s] -- Up-to-date: /home/czz/realtime_nvblox_ws/install/realtime_nvblox_msgs/include/realtime_nvblox_msgs/realtime_nvblox_msgs/msg
[2.756s] -- Installing: /home/czz/realtime_nvblox_ws/install/realtime_nvblox_msgs/include/realtime_nvblox_msgs/realtime_nvblox_msgs/msg/rosidl_typesupport_fastrtps_c__visibility_control.h
[2.756s] -- Up-to-date: /home/czz/realtime_nvblox_ws/install/realtime_nvblox_msgs/include/realtime_nvblox_msgs/realtime_nvblox_msgs/msg/detail
[2.756s] -- Installing: /home/czz/realtime_nvblox_ws/install/realtime_nvblox_msgs/include/realtime_nvblox_msgs/realtime_nvblox_msgs/msg/detail/esdf_grid3_d__rosidl_typesupport_fastrtps_c.h
[2.756s] -- Installing: /home/czz/realtime_nvblox_ws/install/realtime_nvblox_msgs/lib/librealtime_nvblox_msgs__rosidl_typesupport_fastrtps_c.so
[2.756s] -- Set runtime path of "/home/czz/realtime_nvblox_ws/install/realtime_nvblox_msgs/lib/librealtime_nvblox_msgs__rosidl_typesupport_fastrtps_c.so" to ""
[2.756s] -- Up-to-date: /home/czz/realtime_nvblox_ws/install/realtime_nvblox_msgs/include/realtime_nvblox_msgs/realtime_nvblox_msgs
[2.756s] -- Up-to-date: /home/czz/realtime_nvblox_ws/install/realtime_nvblox_msgs/include/realtime_nvblox_msgs/realtime_nvblox_msgs/msg
[2.756s] -- Installing: /home/czz/realtime_nvblox_ws/install/realtime_nvblox_msgs/include/realtime_nvblox_msgs/realtime_nvblox_msgs/msg/rosidl_generator_cpp__visibility_control.hpp
[2.757s] -- Installing: /home/czz/realtime_nvblox_ws/install/realtime_nvblox_msgs/include/realtime_nvblox_msgs/realtime_nvblox_msgs/msg/esdf_grid3_d.hpp
[2.757s] -- Up-to-date: /home/czz/realtime_nvblox_ws/install/realtime_nvblox_msgs/include/realtime_nvblox_msgs/realtime_nvblox_msgs/msg/detail
[2.757s] -- Installing: /home/czz/realtime_nvblox_ws/install/realtime_nvblox_msgs/include/realtime_nvblox_msgs/realtime_nvblox_msgs/msg/detail/esdf_grid3_d__traits.hpp
[2.757s] -- Installing: /home/czz/realtime_nvblox_ws/install/realtime_nvblox_msgs/include/realtime_nvblox_msgs/realtime_nvblox_msgs/msg/detail/esdf_grid3_d__type_support.hpp
[2.757s] -- Installing: /home/czz/realtime_nvblox_ws/install/realtime_nvblox_msgs/include/realtime_nvblox_msgs/realtime_nvblox_msgs/msg/detail/esdf_grid3_d__struct.hpp
[2.757s] -- Installing: /home/czz/realtime_nvblox_ws/install/realtime_nvblox_msgs/include/realtime_nvblox_msgs/realtime_nvblox_msgs/msg/detail/esdf_grid3_d__builder.hpp
[2.757s] -- Up-to-date: /home/czz/realtime_nvblox_ws/install/realtime_nvblox_msgs/include/realtime_nvblox_msgs/realtime_nvblox_msgs
[2.757s] -- Up-to-date: /home/czz/realtime_nvblox_ws/install/realtime_nvblox_msgs/include/realtime_nvblox_msgs/realtime_nvblox_msgs/msg
[2.757s] -- Up-to-date: /home/czz/realtime_nvblox_ws/install/realtime_nvblox_msgs/include/realtime_nvblox_msgs/realtime_nvblox_msgs/msg/detail
[2.757s] -- Installing: /home/czz/realtime_nvblox_ws/install/realtime_nvblox_msgs/include/realtime_nvblox_msgs/realtime_nvblox_msgs/msg/detail/esdf_grid3_d__rosidl_typesupport_fastrtps_cpp.hpp
[2.757s] -- Installing: /home/czz/realtime_nvblox_ws/install/realtime_nvblox_msgs/include/realtime_nvblox_msgs/realtime_nvblox_msgs/msg/detail/dds_fastrtps
[2.758s] -- Installing: /home/czz/realtime_nvblox_ws/install/realtime_nvblox_msgs/include/realtime_nvblox_msgs/realtime_nvblox_msgs/msg/rosidl_typesupport_fastrtps_cpp__visibility_control.h
[2.758s] -- Installing: /home/czz/realtime_nvblox_ws/install/realtime_nvblox_msgs/lib/librealtime_nvblox_msgs__rosidl_typesupport_fastrtps_cpp.so
[2.758s] -- Set runtime path of "/home/czz/realtime_nvblox_ws/install/realtime_nvblox_msgs/lib/librealtime_nvblox_msgs__rosidl_typesupport_fastrtps_cpp.so" to ""
[2.758s] -- Up-to-date: /home/czz/realtime_nvblox_ws/install/realtime_nvblox_msgs/include/realtime_nvblox_msgs/realtime_nvblox_msgs
[2.758s] -- Up-to-date: /home/czz/realtime_nvblox_ws/install/realtime_nvblox_msgs/include/realtime_nvblox_msgs/realtime_nvblox_msgs/msg
[2.758s] -- Up-to-date: /home/czz/realtime_nvblox_ws/install/realtime_nvblox_msgs/include/realtime_nvblox_msgs/realtime_nvblox_msgs/msg/detail
[2.758s] -- Installing: /home/czz/realtime_nvblox_ws/install/realtime_nvblox_msgs/include/realtime_nvblox_msgs/realtime_nvblox_msgs/msg/detail/esdf_grid3_d__rosidl_typesupport_introspection_c.h
[2.758s] -- Installing: /home/czz/realtime_nvblox_ws/install/realtime_nvblox_msgs/include/realtime_nvblox_msgs/realtime_nvblox_msgs/msg/detail/esdf_grid3_d__type_support.c
[2.758s] -- Installing: /home/czz/realtime_nvblox_ws/install/realtime_nvblox_msgs/include/realtime_nvblox_msgs/realtime_nvblox_msgs/msg/rosidl_typesupport_introspection_c__visibility_control.h
[2.758s] -- Installing: /home/czz/realtime_nvblox_ws/install/realtime_nvblox_msgs/lib/librealtime_nvblox_msgs__rosidl_typesupport_introspection_c.so
[2.758s] -- Set runtime path of "/home/czz/realtime_nvblox_ws/install/realtime_nvblox_msgs/lib/librealtime_nvblox_msgs__rosidl_typesupport_introspection_c.so" to ""
[2.758s] -- Installing: /home/czz/realtime_nvblox_ws/install/realtime_nvblox_msgs/lib/librealtime_nvblox_msgs__rosidl_typesupport_c.so
[2.758s] -- Set runtime path of "/home/czz/realtime_nvblox_ws/install/realtime_nvblox_msgs/lib/librealtime_nvblox_msgs__rosidl_typesupport_c.so" to ""
[2.758s] -- Up-to-date: /home/czz/realtime_nvblox_ws/install/realtime_nvblox_msgs/include/realtime_nvblox_msgs/realtime_nvblox_msgs
[2.758s] -- Up-to-date: /home/czz/realtime_nvblox_ws/install/realtime_nvblox_msgs/include/realtime_nvblox_msgs/realtime_nvblox_msgs/msg
[2.758s] -- Up-to-date: /home/czz/realtime_nvblox_ws/install/realtime_nvblox_msgs/include/realtime_nvblox_msgs/realtime_nvblox_msgs/msg/detail
[2.759s] -- Installing: /home/czz/realtime_nvblox_ws/install/realtime_nvblox_msgs/include/realtime_nvblox_msgs/realtime_nvblox_msgs/msg/detail/esdf_grid3_d__rosidl_typesupport_introspection_cpp.hpp
[2.759s] -- Installing: /home/czz/realtime_nvblox_ws/install/realtime_nvblox_msgs/include/realtime_nvblox_msgs/realtime_nvblox_msgs/msg/detail/esdf_grid3_d__type_support.cpp
[2.759s] -- Installing: /home/czz/realtime_nvblox_ws/install/realtime_nvblox_msgs/lib/librealtime_nvblox_msgs__rosidl_typesupport_introspection_cpp.so
[2.759s] -- Set runtime path of "/home/czz/realtime_nvblox_ws/install/realtime_nvblox_msgs/lib/librealtime_nvblox_msgs__rosidl_typesupport_introspection_cpp.so" to ""
[2.759s] -- Installing: /home/czz/realtime_nvblox_ws/install/realtime_nvblox_msgs/lib/librealtime_nvblox_msgs__rosidl_typesupport_cpp.so
[2.759s] -- Set runtime path of "/home/czz/realtime_nvblox_ws/install/realtime_nvblox_msgs/lib/librealtime_nvblox_msgs__rosidl_typesupport_cpp.so" to ""
[2.759s] -- Installing: /home/czz/realtime_nvblox_ws/install/realtime_nvblox_msgs/share/realtime_nvblox_msgs/environment/pythonpath.sh
[2.759s] -- Installing: /home/czz/realtime_nvblox_ws/install/realtime_nvblox_msgs/share/realtime_nvblox_msgs/environment/pythonpath.dsv
[2.759s] -- Installing: /home/czz/realtime_nvblox_ws/install/realtime_nvblox_msgs/local/lib/python3.10/dist-packages/realtime_nvblox_msgs-1.0.0-py3.10.egg-info
[2.759s] -- Installing: /home/czz/realtime_nvblox_ws/install/realtime_nvblox_msgs/local/lib/python3.10/dist-packages/realtime_nvblox_msgs-1.0.0-py3.10.egg-info/dependency_links.txt
[2.759s] -- Installing: /home/czz/realtime_nvblox_ws/install/realtime_nvblox_msgs/local/lib/python3.10/dist-packages/realtime_nvblox_msgs-1.0.0-py3.10.egg-info/SOURCES.txt
[2.759s] -- Installing: /home/czz/realtime_nvblox_ws/install/realtime_nvblox_msgs/local/lib/python3.10/dist-packages/realtime_nvblox_msgs-1.0.0-py3.10.egg-info/PKG-INFO
[2.759s] -- Installing: /home/czz/realtime_nvblox_ws/install/realtime_nvblox_msgs/local/lib/python3.10/dist-packages/realtime_nvblox_msgs-1.0.0-py3.10.egg-info/top_level.txt
[2.759s] -- Installing: /home/czz/realtime_nvblox_ws/install/realtime_nvblox_msgs/local/lib/python3.10/dist-packages/realtime_nvblox_msgs
[2.759s] -- Installing: /home/czz/realtime_nvblox_ws/install/realtime_nvblox_msgs/local/lib/python3.10/dist-packages/realtime_nvblox_msgs/librealtime_nvblox_msgs__rosidl_generator_py.so
[2.760s] -- Installing: /home/czz/realtime_nvblox_ws/install/realtime_nvblox_msgs/local/lib/python3.10/dist-packages/realtime_nvblox_msgs/_realtime_nvblox_msgs_s.ep.rosidl_typesupport_fastrtps_c.c
[2.760s] -- Installing: /home/czz/realtime_nvblox_ws/install/realtime_nvblox_msgs/local/lib/python3.10/dist-packages/realtime_nvblox_msgs/_realtime_nvblox_msgs_s.ep.rosidl_typesupport_introspection_c.c
[2.760s] -- Installing: /home/czz/realtime_nvblox_ws/install/realtime_nvblox_msgs/local/lib/python3.10/dist-packages/realtime_nvblox_msgs/realtime_nvblox_msgs_s__rosidl_typesupport_introspection_c.cpython-310-x86_64-linux-gnu.so
[2.760s] -- Installing: /home/czz/realtime_nvblox_ws/install/realtime_nvblox_msgs/local/lib/python3.10/dist-packages/realtime_nvblox_msgs/realtime_nvblox_msgs_s__rosidl_typesupport_fastrtps_c.cpython-310-x86_64-linux-gnu.so
[2.760s] -- Installing: /home/czz/realtime_nvblox_ws/install/realtime_nvblox_msgs/local/lib/python3.10/dist-packages/realtime_nvblox_msgs/__init__.py
[2.760s] -- Installing: /home/czz/realtime_nvblox_ws/install/realtime_nvblox_msgs/local/lib/python3.10/dist-packages/realtime_nvblox_msgs/_realtime_nvblox_msgs_s.ep.rosidl_typesupport_c.c
[2.760s] -- Installing: /home/czz/realtime_nvblox_ws/install/realtime_nvblox_msgs/local/lib/python3.10/dist-packages/realtime_nvblox_msgs/realtime_nvblox_msgs_s__rosidl_typesupport_c.cpython-310-x86_64-linux-gnu.so
[2.760s] -- Installing: /home/czz/realtime_nvblox_ws/install/realtime_nvblox_msgs/local/lib/python3.10/dist-packages/realtime_nvblox_msgs/msg
[2.760s] -- Installing: /home/czz/realtime_nvblox_ws/install/realtime_nvblox_msgs/local/lib/python3.10/dist-packages/realtime_nvblox_msgs/msg/_esdf_grid3_d.py
[2.760s] -- Installing: /home/czz/realtime_nvblox_ws/install/realtime_nvblox_msgs/local/lib/python3.10/dist-packages/realtime_nvblox_msgs/msg/__init__.py
[2.760s] -- Installing: /home/czz/realtime_nvblox_ws/install/realtime_nvblox_msgs/local/lib/python3.10/dist-packages/realtime_nvblox_msgs/msg/_esdf_grid3_d_s.c
[2.782s] Listing '/home/czz/realtime_nvblox_ws/install/realtime_nvblox_msgs/local/lib/python3.10/dist-packages/realtime_nvblox_msgs'...
[2.782s] Compiling '/home/czz/realtime_nvblox_ws/install/realtime_nvblox_msgs/local/lib/python3.10/dist-packages/realtime_nvblox_msgs/__init__.py'...
[2.782s] Listing '/home/czz/realtime_nvblox_ws/install/realtime_nvblox_msgs/local/lib/python3.10/dist-packages/realtime_nvblox_msgs/msg'...
[2.782s] Compiling '/home/czz/realtime_nvblox_ws/install/realtime_nvblox_msgs/local/lib/python3.10/dist-packages/realtime_nvblox_msgs/msg/__init__.py'...
[2.782s] Compiling '/home/czz/realtime_nvblox_ws/install/realtime_nvblox_msgs/local/lib/python3.10/dist-packages/realtime_nvblox_msgs/msg/_esdf_grid3_d.py'...
[2.784s] -- Installing: /home/czz/realtime_nvblox_ws/install/realtime_nvblox_msgs/local/lib/python3.10/dist-packages/realtime_nvblox_msgs/realtime_nvblox_msgs_s__rosidl_typesupport_fastrtps_c.cpython-310-x86_64-linux-gnu.so
[2.784s] -- Set runtime path of "/home/czz/realtime_nvblox_ws/install/realtime_nvblox_msgs/local/lib/python3.10/dist-packages/realtime_nvblox_msgs/realtime_nvblox_msgs_s__rosidl_typesupport_fastrtps_c.cpython-310-x86_64-linux-gnu.so" to ""
[2.785s] -- Installing: /home/czz/realtime_nvblox_ws/install/realtime_nvblox_msgs/local/lib/python3.10/dist-packages/realtime_nvblox_msgs/realtime_nvblox_msgs_s__rosidl_typesupport_introspection_c.cpython-310-x86_64-linux-gnu.so
[2.785s] -- Set runtime path of "/home/czz/realtime_nvblox_ws/install/realtime_nvblox_msgs/local/lib/python3.10/dist-packages/realtime_nvblox_msgs/realtime_nvblox_msgs_s__rosidl_typesupport_introspection_c.cpython-310-x86_64-linux-gnu.so" to ""
[2.785s] -- Installing: /home/czz/realtime_nvblox_ws/install/realtime_nvblox_msgs/local/lib/python3.10/dist-packages/realtime_nvblox_msgs/realtime_nvblox_msgs_s__rosidl_typesupport_c.cpython-310-x86_64-linux-gnu.so
[2.785s] -- Set runtime path of "/home/czz/realtime_nvblox_ws/install/realtime_nvblox_msgs/local/lib/python3.10/dist-packages/realtime_nvblox_msgs/realtime_nvblox_msgs_s__rosidl_typesupport_c.cpython-310-x86_64-linux-gnu.so" to ""
[2.785s] -- Installing: /home/czz/realtime_nvblox_ws/install/realtime_nvblox_msgs/lib/librealtime_nvblox_msgs__rosidl_generator_py.so
[2.785s] -- Set runtime path of "/home/czz/realtime_nvblox_ws/install/realtime_nvblox_msgs/lib/librealtime_nvblox_msgs__rosidl_generator_py.so" to ""
[2.785s] -- Installing: /home/czz/realtime_nvblox_ws/install/realtime_nvblox_msgs/share/realtime_nvblox_msgs/msg/EsdfGrid3D.idl
[2.785s] -- Installing: /home/czz/realtime_nvblox_ws/install/realtime_nvblox_msgs/share/realtime_nvblox_msgs/msg/EsdfGrid3D.msg
[2.785s] -- Installing: /home/czz/realtime_nvblox_ws/install/realtime_nvblox_msgs/share/ament_index/resource_index/package_run_dependencies/realtime_nvblox_msgs
[2.785s] -- Installing: /home/czz/realtime_nvblox_ws/install/realtime_nvblox_msgs/share/ament_index/resource_index/parent_prefix_path/realtime_nvblox_msgs
[2.785s] -- Installing: /home/czz/realtime_nvblox_ws/install/realtime_nvblox_msgs/share/realtime_nvblox_msgs/environment/ament_prefix_path.sh
[2.786s] -- Installing: /home/czz/realtime_nvblox_ws/install/realtime_nvblox_msgs/share/realtime_nvblox_msgs/environment/ament_prefix_path.dsv
[2.786s] -- Installing: /home/czz/realtime_nvblox_ws/install/realtime_nvblox_msgs/share/realtime_nvblox_msgs/environment/path.sh
[2.786s] -- Installing: /home/czz/realtime_nvblox_ws/install/realtime_nvblox_msgs/share/realtime_nvblox_msgs/environment/path.dsv
[2.786s] -- Installing: /home/czz/realtime_nvblox_ws/install/realtime_nvblox_msgs/share/realtime_nvblox_msgs/local_setup.bash
[2.786s] -- Installing: /home/czz/realtime_nvblox_ws/install/realtime_nvblox_msgs/share/realtime_nvblox_msgs/local_setup.sh
[2.786s] -- Installing: /home/czz/realtime_nvblox_ws/install/realtime_nvblox_msgs/share/realtime_nvblox_msgs/local_setup.zsh
[2.786s] -- Installing: /home/czz/realtime_nvblox_ws/install/realtime_nvblox_msgs/share/realtime_nvblox_msgs/local_setup.dsv
[2.786s] -- Installing: /home/czz/realtime_nvblox_ws/install/realtime_nvblox_msgs/share/realtime_nvblox_msgs/package.dsv
[2.786s] -- Installing: /home/czz/realtime_nvblox_ws/install/realtime_nvblox_msgs/share/ament_index/resource_index/packages/realtime_nvblox_msgs
[2.786s] -- Installing: /home/czz/realtime_nvblox_ws/install/realtime_nvblox_msgs/share/realtime_nvblox_msgs/cmake/export_realtime_nvblox_msgs__rosidl_generator_cExport.cmake
[2.786s] -- Installing: /home/czz/realtime_nvblox_ws/install/realtime_nvblox_msgs/share/realtime_nvblox_msgs/cmake/export_realtime_nvblox_msgs__rosidl_generator_cExport-noconfig.cmake
[2.786s] -- Installing: /home/czz/realtime_nvblox_ws/install/realtime_nvblox_msgs/share/realtime_nvblox_msgs/cmake/export_realtime_nvblox_msgs__rosidl_typesupport_fastrtps_cExport.cmake
[2.787s] -- Installing: /home/czz/realtime_nvblox_ws/install/realtime_nvblox_msgs/share/realtime_nvblox_msgs/cmake/export_realtime_nvblox_msgs__rosidl_typesupport_fastrtps_cExport-noconfig.cmake
[2.787s] -- Installing: /home/czz/realtime_nvblox_ws/install/realtime_nvblox_msgs/share/realtime_nvblox_msgs/cmake/export_realtime_nvblox_msgs__rosidl_generator_cppExport.cmake
[2.787s] -- Installing: /home/czz/realtime_nvblox_ws/install/realtime_nvblox_msgs/share/realtime_nvblox_msgs/cmake/export_realtime_nvblox_msgs__rosidl_typesupport_fastrtps_cppExport.cmake
[2.787s] -- Installing: /home/czz/realtime_nvblox_ws/install/realtime_nvblox_msgs/share/realtime_nvblox_msgs/cmake/export_realtime_nvblox_msgs__rosidl_typesupport_fastrtps_cppExport-noconfig.cmake
[2.787s] -- Installing: /home/czz/realtime_nvblox_ws/install/realtime_nvblox_msgs/share/realtime_nvblox_msgs/cmake/realtime_nvblox_msgs__rosidl_typesupport_introspection_cExport.cmake
[2.787s] -- Installing: /home/czz/realtime_nvblox_ws/install/realtime_nvblox_msgs/share/realtime_nvblox_msgs/cmake/realtime_nvblox_msgs__rosidl_typesupport_introspection_cExport-noconfig.cmake
[2.787s] -- Installing: /home/czz/realtime_nvblox_ws/install/realtime_nvblox_msgs/share/realtime_nvblox_msgs/cmake/realtime_nvblox_msgs__rosidl_typesupport_cExport.cmake
[2.787s] -- Installing: /home/czz/realtime_nvblox_ws/install/realtime_nvblox_msgs/share/realtime_nvblox_msgs/cmake/realtime_nvblox_msgs__rosidl_typesupport_cExport-noconfig.cmake
[2.787s] -- Installing: /home/czz/realtime_nvblox_ws/install/realtime_nvblox_msgs/share/realtime_nvblox_msgs/cmake/realtime_nvblox_msgs__rosidl_typesupport_introspection_cppExport.cmake
[2.787s] -- Installing: /home/czz/realtime_nvblox_ws/install/realtime_nvblox_msgs/share/realtime_nvblox_msgs/cmake/realtime_nvblox_msgs__rosidl_typesupport_introspection_cppExport-noconfig.cmake
[2.787s] -- Installing: /home/czz/realtime_nvblox_ws/install/realtime_nvblox_msgs/share/realtime_nvblox_msgs/cmake/realtime_nvblox_msgs__rosidl_typesupport_cppExport.cmake
[2.787s] -- Installing: /home/czz/realtime_nvblox_ws/install/realtime_nvblox_msgs/share/realtime_nvblox_msgs/cmake/realtime_nvblox_msgs__rosidl_typesupport_cppExport-noconfig.cmake
[2.787s] -- Installing: /home/czz/realtime_nvblox_ws/install/realtime_nvblox_msgs/share/realtime_nvblox_msgs/cmake/export_realtime_nvblox_msgs__rosidl_generator_pyExport.cmake
[2.787s] -- Installing: /home/czz/realtime_nvblox_ws/install/realtime_nvblox_msgs/share/realtime_nvblox_msgs/cmake/export_realtime_nvblox_msgs__rosidl_generator_pyExport-noconfig.cmake
[2.788s] -- Installing: /home/czz/realtime_nvblox_ws/install/realtime_nvblox_msgs/share/realtime_nvblox_msgs/cmake/rosidl_cmake-extras.cmake
[2.788s] -- Installing: /home/czz/realtime_nvblox_ws/install/realtime_nvblox_msgs/share/realtime_nvblox_msgs/cmake/ament_cmake_export_dependencies-extras.cmake
[2.788s] -- Installing: /home/czz/realtime_nvblox_ws/install/realtime_nvblox_msgs/share/realtime_nvblox_msgs/cmake/ament_cmake_export_include_directories-extras.cmake
[2.788s] -- Installing: /home/czz/realtime_nvblox_ws/install/realtime_nvblox_msgs/share/realtime_nvblox_msgs/cmake/ament_cmake_export_libraries-extras.cmake
[2.788s] -- Installing: /home/czz/realtime_nvblox_ws/install/realtime_nvblox_msgs/share/realtime_nvblox_msgs/cmake/ament_cmake_export_targets-extras.cmake
[2.788s] -- Installing: /home/czz/realtime_nvblox_ws/install/realtime_nvblox_msgs/share/realtime_nvblox_msgs/cmake/rosidl_cmake_export_typesupport_targets-extras.cmake
[2.789s] -- Installing: /home/czz/realtime_nvblox_ws/install/realtime_nvblox_msgs/share/realtime_nvblox_msgs/cmake/rosidl_cmake_export_typesupport_libraries-extras.cmake
[2.789s] -- Installing: /home/czz/realtime_nvblox_ws/install/realtime_nvblox_msgs/share/realtime_nvblox_msgs/cmake/realtime_nvblox_msgsConfig.cmake
[2.789s] -- Installing: /home/czz/realtime_nvblox_ws/install/realtime_nvblox_msgs/share/realtime_nvblox_msgs/cmake/realtime_nvblox_msgsConfig-version.cmake
[2.789s] -- Installing: /home/czz/realtime_nvblox_ws/install/realtime_nvblox_msgs/share/realtime_nvblox_msgs/package.xml
[2.789s] Invoked command in '/home/czz/realtime_nvblox_ws/build/realtime_nvblox_msgs' returned '0': CMAKE_PREFIX_PATH=/opt/ros/humble /usr/bin/cmake --install /home/czz/realtime_nvblox_ws/build/realtime_nvblox_msgs
