running egg_info
writing ../../build/realtime_nvblox/realtime_nvblox.egg-info/PKG-INFO
writing dependency_links to ../../build/realtime_nvblox/realtime_nvblox.egg-info/dependency_links.txt
writing entry points to ../../build/realtime_nvblox/realtime_nvblox.egg-info/entry_points.txt
writing requirements to ../../build/realtime_nvblox/realtime_nvblox.egg-info/requires.txt
writing top-level names to ../../build/realtime_nvblox/realtime_nvblox.egg-info/top_level.txt
adding license file 'LICENSE'
writing manifest file '../../build/realtime_nvblox/realtime_nvblox.egg-info/SOURCES.txt'
running build
running build_py
copying realtime_nvblox/runtime.py -> /home/czz/realtime_nvblox_ws/build/realtime_nvblox/build/lib/realtime_nvblox
copying realtime_nvblox/rate_limiter.py -> /home/czz/realtime_nvblox_ws/build/realtime_nvblox/build/lib/realtime_nvblox
copying realtime_nvblox/types.py -> /home/czz/realtime_nvblox_ws/build/realtime_nvblox/build/lib/realtime_nvblox
copying realtime_nvblox/ros_node.py -> /home/czz/realtime_nvblox_ws/build/realtime_nvblox/build/lib/realtime_nvblox
copying realtime_nvblox/cli.py -> /home/czz/realtime_nvblox_ws/build/realtime_nvblox/build/lib/realtime_nvblox
copying realtime_nvblox/pose_buffer.py -> /home/czz/realtime_nvblox_ws/build/realtime_nvblox/build/lib/realtime_nvblox
copying realtime_nvblox/nvblox_backend.py -> /home/czz/realtime_nvblox_ws/build/realtime_nvblox/build/lib/realtime_nvblox
copying realtime_nvblox/realsense_source.py -> /home/czz/realtime_nvblox_ws/build/realtime_nvblox/build/lib/realtime_nvblox
copying realtime_nvblox/robot_pose.py -> /home/czz/realtime_nvblox_ws/build/realtime_nvblox/build/lib/realtime_nvblox
copying realtime_nvblox/default.yaml -> /home/czz/realtime_nvblox_ws/build/realtime_nvblox/build/lib/realtime_nvblox
running install
running install_lib
copying /home/czz/realtime_nvblox_ws/build/realtime_nvblox/build/lib/realtime_nvblox/default.yaml -> /home/czz/realtime_nvblox_ws/install/realtime_nvblox/lib/python3.10/site-packages/realtime_nvblox
copying /home/czz/realtime_nvblox_ws/build/realtime_nvblox/build/lib/realtime_nvblox/runtime.py -> /home/czz/realtime_nvblox_ws/install/realtime_nvblox/lib/python3.10/site-packages/realtime_nvblox
copying /home/czz/realtime_nvblox_ws/build/realtime_nvblox/build/lib/realtime_nvblox/rate_limiter.py -> /home/czz/realtime_nvblox_ws/install/realtime_nvblox/lib/python3.10/site-packages/realtime_nvblox
copying /home/czz/realtime_nvblox_ws/build/realtime_nvblox/build/lib/realtime_nvblox/types.py -> /home/czz/realtime_nvblox_ws/install/realtime_nvblox/lib/python3.10/site-packages/realtime_nvblox
copying /home/czz/realtime_nvblox_ws/build/realtime_nvblox/build/lib/realtime_nvblox/ros_node.py -> /home/czz/realtime_nvblox_ws/install/realtime_nvblox/lib/python3.10/site-packages/realtime_nvblox
copying /home/czz/realtime_nvblox_ws/build/realtime_nvblox/build/lib/realtime_nvblox/cli.py -> /home/czz/realtime_nvblox_ws/install/realtime_nvblox/lib/python3.10/site-packages/realtime_nvblox
copying /home/czz/realtime_nvblox_ws/build/realtime_nvblox/build/lib/realtime_nvblox/pose_buffer.py -> /home/czz/realtime_nvblox_ws/install/realtime_nvblox/lib/python3.10/site-packages/realtime_nvblox
copying /home/czz/realtime_nvblox_ws/build/realtime_nvblox/build/lib/realtime_nvblox/nvblox_backend.py -> /home/czz/realtime_nvblox_ws/install/realtime_nvblox/lib/python3.10/site-packages/realtime_nvblox
copying /home/czz/realtime_nvblox_ws/build/realtime_nvblox/build/lib/realtime_nvblox/realsense_source.py -> /home/czz/realtime_nvblox_ws/install/realtime_nvblox/lib/python3.10/site-packages/realtime_nvblox
copying /home/czz/realtime_nvblox_ws/build/realtime_nvblox/build/lib/realtime_nvblox/robot_pose.py -> /home/czz/realtime_nvblox_ws/install/realtime_nvblox/lib/python3.10/site-packages/realtime_nvblox
byte-compiling /home/czz/realtime_nvblox_ws/install/realtime_nvblox/lib/python3.10/site-packages/realtime_nvblox/runtime.py to runtime.cpython-310.pyc
byte-compiling /home/czz/realtime_nvblox_ws/install/realtime_nvblox/lib/python3.10/site-packages/realtime_nvblox/rate_limiter.py to rate_limiter.cpython-310.pyc
byte-compiling /home/czz/realtime_nvblox_ws/install/realtime_nvblox/lib/python3.10/site-packages/realtime_nvblox/types.py to types.cpython-310.pyc
byte-compiling /home/czz/realtime_nvblox_ws/install/realtime_nvblox/lib/python3.10/site-packages/realtime_nvblox/ros_node.py to ros_node.cpython-310.pyc
byte-compiling /home/czz/realtime_nvblox_ws/install/realtime_nvblox/lib/python3.10/site-packages/realtime_nvblox/cli.py to cli.cpython-310.pyc
byte-compiling /home/czz/realtime_nvblox_ws/install/realtime_nvblox/lib/python3.10/site-packages/realtime_nvblox/pose_buffer.py to pose_buffer.cpython-310.pyc
byte-compiling /home/czz/realtime_nvblox_ws/install/realtime_nvblox/lib/python3.10/site-packages/realtime_nvblox/nvblox_backend.py to nvblox_backend.cpython-310.pyc
byte-compiling /home/czz/realtime_nvblox_ws/install/realtime_nvblox/lib/python3.10/site-packages/realtime_nvblox/realsense_source.py to realsense_source.cpython-310.pyc
byte-compiling /home/czz/realtime_nvblox_ws/install/realtime_nvblox/lib/python3.10/site-packages/realtime_nvblox/robot_pose.py to robot_pose.cpython-310.pyc
running install_data
copying README.md -> /home/czz/realtime_nvblox_ws/install/realtime_nvblox/share/realtime_nvblox
running install_egg_info
removing '/home/czz/realtime_nvblox_ws/install/realtime_nvblox/lib/python3.10/site-packages/realtime_nvblox-1.2.0-py3.10.egg-info' (and everything under it)
Copying ../../build/realtime_nvblox/realtime_nvblox.egg-info to /home/czz/realtime_nvblox_ws/install/realtime_nvblox/lib/python3.10/site-packages/realtime_nvblox-1.2.0-py3.10.egg-info
running install_scripts
Installing check_environment script to /home/czz/realtime_nvblox_ws/install/realtime_nvblox/lib/realtime_nvblox
Installing ros_mapper script to /home/czz/realtime_nvblox_ws/install/realtime_nvblox/lib/realtime_nvblox
Installing standalone_mapper script to /home/czz/realtime_nvblox_ws/install/realtime_nvblox/lib/realtime_nvblox
writing list of installed files to '/home/czz/realtime_nvblox_ws/build/realtime_nvblox/install.log'
