[0.773s] Invoking command in '/home/czz/realtime_nvblox_ws/src/realtime_nvblox': PYTHONPATH=/home/czz/realtime_nvblox_ws/build/realtime_nvblox/prefix_override:/usr/lib/python3/dist-packages/colcon_core/task/python/colcon_distutils_commands:/home/czz/realtime_nvblox_ws/install/realtime_nvblox/lib/python3.10/site-packages:${PYTHONPATH} /usr/bin/python3 -W ignore:setup.py install is deprecated -W ignore:easy_install command is deprecated setup.py egg_info --egg-base ../../build/realtime_nvblox build --build-base /home/czz/realtime_nvblox_ws/build/realtime_nvblox/build install --record /home/czz/realtime_nvblox_ws/build/realtime_nvblox/install.log --single-version-externally-managed install_data
[1.034s] running egg_info
[1.052s] writing ../../build/realtime_nvblox/realtime_nvblox.egg-info/PKG-INFO
[1.052s] writing dependency_links to ../../build/realtime_nvblox/realtime_nvblox.egg-info/dependency_links.txt
[1.052s] writing entry points to ../../build/realtime_nvblox/realtime_nvblox.egg-info/entry_points.txt
[1.052s] writing requirements to ../../build/realtime_nvblox/realtime_nvblox.egg-info/requires.txt
[1.053s] writing top-level names to ../../build/realtime_nvblox/realtime_nvblox.egg-info/top_level.txt
[1.119s] adding license file 'LICENSE'
[1.120s] writing manifest file '../../build/realtime_nvblox/realtime_nvblox.egg-info/SOURCES.txt'
[1.120s] running build
[1.120s] running build_py
[1.121s] copying realtime_nvblox/runtime.py -> /home/czz/realtime_nvblox_ws/build/realtime_nvblox/build/lib/realtime_nvblox
[1.121s] copying realtime_nvblox/rate_limiter.py -> /home/czz/realtime_nvblox_ws/build/realtime_nvblox/build/lib/realtime_nvblox
[1.121s] copying realtime_nvblox/types.py -> /home/czz/realtime_nvblox_ws/build/realtime_nvblox/build/lib/realtime_nvblox
[1.121s] copying realtime_nvblox/ros_node.py -> /home/czz/realtime_nvblox_ws/build/realtime_nvblox/build/lib/realtime_nvblox
[1.121s] copying realtime_nvblox/cli.py -> /home/czz/realtime_nvblox_ws/build/realtime_nvblox/build/lib/realtime_nvblox
[1.121s] copying realtime_nvblox/pose_buffer.py -> /home/czz/realtime_nvblox_ws/build/realtime_nvblox/build/lib/realtime_nvblox
[1.122s] copying realtime_nvblox/nvblox_backend.py -> /home/czz/realtime_nvblox_ws/build/realtime_nvblox/build/lib/realtime_nvblox
[1.122s] copying realtime_nvblox/realsense_source.py -> /home/czz/realtime_nvblox_ws/build/realtime_nvblox/build/lib/realtime_nvblox
[1.122s] copying realtime_nvblox/robot_pose.py -> /home/czz/realtime_nvblox_ws/build/realtime_nvblox/build/lib/realtime_nvblox
[1.122s] copying realtime_nvblox/default.yaml -> /home/czz/realtime_nvblox_ws/build/realtime_nvblox/build/lib/realtime_nvblox
[1.122s] running install
[1.125s] running install_lib
[1.135s] copying /home/czz/realtime_nvblox_ws/build/realtime_nvblox/build/lib/realtime_nvblox/default.yaml -> /home/czz/realtime_nvblox_ws/install/realtime_nvblox/lib/python3.10/site-packages/realtime_nvblox
[1.135s] copying /home/czz/realtime_nvblox_ws/build/realtime_nvblox/build/lib/realtime_nvblox/runtime.py -> /home/czz/realtime_nvblox_ws/install/realtime_nvblox/lib/python3.10/site-packages/realtime_nvblox
[1.135s] copying /home/czz/realtime_nvblox_ws/build/realtime_nvblox/build/lib/realtime_nvblox/rate_limiter.py -> /home/czz/realtime_nvblox_ws/install/realtime_nvblox/lib/python3.10/site-packages/realtime_nvblox
[1.135s] copying /home/czz/realtime_nvblox_ws/build/realtime_nvblox/build/lib/realtime_nvblox/types.py -> /home/czz/realtime_nvblox_ws/install/realtime_nvblox/lib/python3.10/site-packages/realtime_nvblox
[1.135s] copying /home/czz/realtime_nvblox_ws/build/realtime_nvblox/build/lib/realtime_nvblox/ros_node.py -> /home/czz/realtime_nvblox_ws/install/realtime_nvblox/lib/python3.10/site-packages/realtime_nvblox
[1.135s] copying /home/czz/realtime_nvblox_ws/build/realtime_nvblox/build/lib/realtime_nvblox/cli.py -> /home/czz/realtime_nvblox_ws/install/realtime_nvblox/lib/python3.10/site-packages/realtime_nvblox
[1.136s] copying /home/czz/realtime_nvblox_ws/build/realtime_nvblox/build/lib/realtime_nvblox/pose_buffer.py -> /home/czz/realtime_nvblox_ws/install/realtime_nvblox/lib/python3.10/site-packages/realtime_nvblox
[1.136s] copying /home/czz/realtime_nvblox_ws/build/realtime_nvblox/build/lib/realtime_nvblox/nvblox_backend.py -> /home/czz/realtime_nvblox_ws/install/realtime_nvblox/lib/python3.10/site-packages/realtime_nvblox
[1.136s] copying /home/czz/realtime_nvblox_ws/build/realtime_nvblox/build/lib/realtime_nvblox/realsense_source.py -> /home/czz/realtime_nvblox_ws/install/realtime_nvblox/lib/python3.10/site-packages/realtime_nvblox
[1.136s] copying /home/czz/realtime_nvblox_ws/build/realtime_nvblox/build/lib/realtime_nvblox/robot_pose.py -> /home/czz/realtime_nvblox_ws/install/realtime_nvblox/lib/python3.10/site-packages/realtime_nvblox
[1.136s] byte-compiling /home/czz/realtime_nvblox_ws/install/realtime_nvblox/lib/python3.10/site-packages/realtime_nvblox/runtime.py to runtime.cpython-310.pyc
[1.138s] byte-compiling /home/czz/realtime_nvblox_ws/install/realtime_nvblox/lib/python3.10/site-packages/realtime_nvblox/rate_limiter.py to rate_limiter.cpython-310.pyc
[1.139s] byte-compiling /home/czz/realtime_nvblox_ws/install/realtime_nvblox/lib/python3.10/site-packages/realtime_nvblox/types.py to types.cpython-310.pyc
[1.139s] byte-compiling /home/czz/realtime_nvblox_ws/install/realtime_nvblox/lib/python3.10/site-packages/realtime_nvblox/ros_node.py to ros_node.cpython-310.pyc
[1.140s] byte-compiling /home/czz/realtime_nvblox_ws/install/realtime_nvblox/lib/python3.10/site-packages/realtime_nvblox/cli.py to cli.cpython-310.pyc
[1.140s] byte-compiling /home/czz/realtime_nvblox_ws/install/realtime_nvblox/lib/python3.10/site-packages/realtime_nvblox/pose_buffer.py to pose_buffer.cpython-310.pyc
[1.141s] byte-compiling /home/czz/realtime_nvblox_ws/install/realtime_nvblox/lib/python3.10/site-packages/realtime_nvblox/nvblox_backend.py to nvblox_backend.cpython-310.pyc
[1.142s] byte-compiling /home/czz/realtime_nvblox_ws/install/realtime_nvblox/lib/python3.10/site-packages/realtime_nvblox/realsense_source.py to realsense_source.cpython-310.pyc
[1.144s] byte-compiling /home/czz/realtime_nvblox_ws/install/realtime_nvblox/lib/python3.10/site-packages/realtime_nvblox/robot_pose.py to robot_pose.cpython-310.pyc
[1.144s] running install_data
[1.144s] copying README.md -> /home/czz/realtime_nvblox_ws/install/realtime_nvblox/share/realtime_nvblox
[1.145s] running install_egg_info
[1.155s] removing '/home/czz/realtime_nvblox_ws/install/realtime_nvblox/lib/python3.10/site-packages/realtime_nvblox-1.2.0-py3.10.egg-info' (and everything under it)
[1.155s] Copying ../../build/realtime_nvblox/realtime_nvblox.egg-info to /home/czz/realtime_nvblox_ws/install/realtime_nvblox/lib/python3.10/site-packages/realtime_nvblox-1.2.0-py3.10.egg-info
[1.156s] running install_scripts
[1.230s] Installing check_environment script to /home/czz/realtime_nvblox_ws/install/realtime_nvblox/lib/realtime_nvblox
[1.230s] Installing ros_mapper script to /home/czz/realtime_nvblox_ws/install/realtime_nvblox/lib/realtime_nvblox
[1.230s] Installing standalone_mapper script to /home/czz/realtime_nvblox_ws/install/realtime_nvblox/lib/realtime_nvblox
[1.230s] writing list of installed files to '/home/czz/realtime_nvblox_ws/build/realtime_nvblox/install.log'
[1.250s] Invoked command in '/home/czz/realtime_nvblox_ws/src/realtime_nvblox' returned '0': PYTHONPATH=/home/czz/realtime_nvblox_ws/build/realtime_nvblox/prefix_override:/usr/lib/python3/dist-packages/colcon_core/task/python/colcon_distutils_commands:/home/czz/realtime_nvblox_ws/install/realtime_nvblox/lib/python3.10/site-packages:${PYTHONPATH} /usr/bin/python3 -W ignore:setup.py install is deprecated -W ignore:easy_install command is deprecated setup.py egg_info --egg-base ../../build/realtime_nvblox build --build-base /home/czz/realtime_nvblox_ws/build/realtime_nvblox/build install --record /home/czz/realtime_nvblox_ws/build/realtime_nvblox/install.log --single-version-externally-managed install_data
