[0.111s] DEBUG:colcon:Command line arguments: ['/usr/bin/colcon', 'build', '--packages-select', 'realtime_nvblox', '--event-handlers', 'console_direct+']
[0.111s] DEBUG:colcon:Parsed command line arguments: Namespace(log_base=None, log_level=None, verb_name='build', build_base='build', install_base='install', merge_install=False, symlink_install=False, test_result_base=None, continue_on_error=False, executor='parallel', parallel_workers=20, event_handlers=['console_direct+'], ignore_user_meta=False, metas=['./colcon.meta'], base_paths=['.'], packages_ignore=None, packages_ignore_regex=None, paths=None, packages_up_to=None, packages_up_to_regex=None, packages_above=None, packages_above_and_dependencies=None, packages_above_depth=None, packages_select_by_dep=None, packages_skip_by_dep=None, packages_skip_up_to=None, packages_select_build_failed=False, packages_skip_build_finished=False, packages_select_test_failures=False, packages_skip_test_passed=False, packages_select=['realtime_nvblox'], packages_skip=None, packages_select_regex=None, packages_skip_regex=None, packages_start=None, packages_end=None, allow_overriding=[], cmake_args=None, cmake_target=None, cmake_target_skip_unavailable=False, cmake_clean_cache=False, cmake_clean_first=False, cmake_force_configure=False, ament_cmake_args=None, catkin_cmake_args=None, catkin_skip_building_tests=False, verb_parser=<colcon_defaults.argument_parser.defaults.DefaultArgumentsDecorator object at 0x7ad1257ecb80>, verb_extension=<colcon_core.verb.build.BuildVerb object at 0x7ad1258da110>, main=<bound method BuildVerb.main of <colcon_core.verb.build.BuildVerb object at 0x7ad1258da110>>)
[0.169s] Level 1:colcon.colcon_core.package_discovery:discover_packages(colcon_meta) check parameters
[0.169s] Level 1:colcon.colcon_core.package_discovery:discover_packages(recursive) check parameters
[0.169s] Level 1:colcon.colcon_core.package_discovery:discover_packages(ignore) check parameters
[0.169s] Level 1:colcon.colcon_core.package_discovery:discover_packages(path) check parameters
[0.169s] Level 1:colcon.colcon_core.package_discovery:discover_packages(colcon_meta) discover
[0.169s] Level 1:colcon.colcon_core.package_discovery:discover_packages(recursive) discover
[0.169s] INFO:colcon.colcon_core.package_discovery:Crawling recursively for packages in '/home/czz/realtime_nvblox_ws'
[0.169s] Level 1:colcon.colcon_core.package_identification:_identify(.) by extensions ['ignore', 'ignore_ament_install']
[0.169s] Level 1:colcon.colcon_core.package_identification:_identify(.) by extension 'ignore'
[0.169s] Level 1:colcon.colcon_core.package_identification:_identify(.) by extension 'ignore_ament_install'
[0.169s] Level 1:colcon.colcon_core.package_identification:_identify(.) by extensions ['colcon_pkg']
[0.169s] Level 1:colcon.colcon_core.package_identification:_identify(.) by extension 'colcon_pkg'
[0.170s] Level 1:colcon.colcon_core.package_identification:_identify(.) by extensions ['colcon_meta']
[0.170s] Level 1:colcon.colcon_core.package_identification:_identify(.) by extension 'colcon_meta'
[0.170s] Level 1:colcon.colcon_core.package_identification:_identify(.) by extensions ['ros']
[0.170s] Level 1:colcon.colcon_core.package_identification:_identify(.) by extension 'ros'
[0.187s] Level 1:colcon.colcon_core.package_identification:_identify(.) by extensions ['cmake', 'python']
[0.187s] Level 1:colcon.colcon_core.package_identification:_identify(.) by extension 'cmake'
[0.187s] Level 1:colcon.colcon_core.package_identification:_identify(.) by extension 'python'
[0.187s] Level 1:colcon.colcon_core.package_identification:_identify(.) by extensions ['python_setup_py']
[0.187s] Level 1:colcon.colcon_core.package_identification:_identify(.) by extension 'python_setup_py'
[0.187s] Level 1:colcon.colcon_core.package_identification:_identify(build) by extensions ['ignore', 'ignore_ament_install']
[0.187s] Level 1:colcon.colcon_core.package_identification:_identify(build) by extension 'ignore'
[0.187s] Level 1:colcon.colcon_core.package_identification:_identify(build) ignored
[0.187s] Level 1:colcon.colcon_core.package_identification:_identify(install) by extensions ['ignore', 'ignore_ament_install']
[0.187s] Level 1:colcon.colcon_core.package_identification:_identify(install) by extension 'ignore'
[0.187s] Level 1:colcon.colcon_core.package_identification:_identify(install) ignored
[0.187s] Level 1:colcon.colcon_core.package_identification:_identify(log) by extensions ['ignore', 'ignore_ament_install']
[0.187s] Level 1:colcon.colcon_core.package_identification:_identify(log) by extension 'ignore'
[0.187s] Level 1:colcon.colcon_core.package_identification:_identify(log) ignored
[0.187s] Level 1:colcon.colcon_core.package_identification:_identify(src) by extensions ['ignore', 'ignore_ament_install']
[0.187s] Level 1:colcon.colcon_core.package_identification:_identify(src) by extension 'ignore'
[0.187s] Level 1:colcon.colcon_core.package_identification:_identify(src) by extension 'ignore_ament_install'
[0.187s] Level 1:colcon.colcon_core.package_identification:_identify(src) by extensions ['colcon_pkg']
[0.187s] Level 1:colcon.colcon_core.package_identification:_identify(src) by extension 'colcon_pkg'
[0.187s] Level 1:colcon.colcon_core.package_identification:_identify(src) by extensions ['colcon_meta']
[0.187s] Level 1:colcon.colcon_core.package_identification:_identify(src) by extension 'colcon_meta'
[0.187s] Level 1:colcon.colcon_core.package_identification:_identify(src) by extensions ['ros']
[0.187s] Level 1:colcon.colcon_core.package_identification:_identify(src) by extension 'ros'
[0.187s] Level 1:colcon.colcon_core.package_identification:_identify(src) by extensions ['cmake', 'python']
[0.187s] Level 1:colcon.colcon_core.package_identification:_identify(src) by extension 'cmake'
[0.187s] Level 1:colcon.colcon_core.package_identification:_identify(src) by extension 'python'
[0.188s] Level 1:colcon.colcon_core.package_identification:_identify(src) by extensions ['python_setup_py']
[0.188s] Level 1:colcon.colcon_core.package_identification:_identify(src) by extension 'python_setup_py'
[0.188s] Level 1:colcon.colcon_core.package_identification:_identify(src/realtime_nvblox) by extensions ['ignore', 'ignore_ament_install']
[0.188s] Level 1:colcon.colcon_core.package_identification:_identify(src/realtime_nvblox) by extension 'ignore'
[0.188s] Level 1:colcon.colcon_core.package_identification:_identify(src/realtime_nvblox) by extension 'ignore_ament_install'
[0.188s] Level 1:colcon.colcon_core.package_identification:_identify(src/realtime_nvblox) by extensions ['colcon_pkg']
[0.188s] Level 1:colcon.colcon_core.package_identification:_identify(src/realtime_nvblox) by extension 'colcon_pkg'
[0.188s] Level 1:colcon.colcon_core.package_identification:_identify(src/realtime_nvblox) by extensions ['colcon_meta']
[0.188s] Level 1:colcon.colcon_core.package_identification:_identify(src/realtime_nvblox) by extension 'colcon_meta'
[0.188s] Level 1:colcon.colcon_core.package_identification:_identify(src/realtime_nvblox) by extensions ['ros']
[0.188s] Level 1:colcon.colcon_core.package_identification:_identify(src/realtime_nvblox) by extension 'ros'
[0.190s] DEBUG:colcon.colcon_core.package_identification:Package 'src/realtime_nvblox' with type 'ros.ament_python' and name 'realtime_nvblox'
[0.190s] Level 1:colcon.colcon_core.package_discovery:discover_packages(recursive) using defaults
[0.190s] Level 1:colcon.colcon_core.package_discovery:discover_packages(ignore) discover
[0.190s] Level 1:colcon.colcon_core.package_discovery:discover_packages(ignore) using defaults
[0.190s] Level 1:colcon.colcon_core.package_discovery:discover_packages(path) discover
[0.190s] Level 1:colcon.colcon_core.package_discovery:discover_packages(path) using defaults
[0.209s] Level 1:colcon.colcon_core.package_discovery:discover_packages(prefix_path) check parameters
[0.209s] Level 1:colcon.colcon_core.package_discovery:discover_packages(prefix_path) discover
[0.220s] DEBUG:colcon.colcon_installed_package_information.package_discovery:Found 9 installed packages in /home/czz/ros_pack/install
[0.220s] DEBUG:colcon.colcon_installed_package_information.package_discovery:Found 26 installed packages in /home/czz/workspaces/isaac_ros-dev/install
[0.221s] DEBUG:colcon.colcon_installed_package_information.package_discovery:Found 442 installed packages in /opt/ros/humble
[0.223s] Level 1:colcon.colcon_core.package_discovery:discover_packages(prefix_path) using defaults
[0.308s] Level 5:colcon.colcon_core.verb:set package 'realtime_nvblox' build argument 'cmake_args' from command line to 'None'
[0.308s] Level 5:colcon.colcon_core.verb:set package 'realtime_nvblox' build argument 'cmake_target' from command line to 'None'
[0.308s] Level 5:colcon.colcon_core.verb:set package 'realtime_nvblox' build argument 'cmake_target_skip_unavailable' from command line to 'False'
[0.308s] Level 5:colcon.colcon_core.verb:set package 'realtime_nvblox' build argument 'cmake_clean_cache' from command line to 'False'
[0.308s] Level 5:colcon.colcon_core.verb:set package 'realtime_nvblox' build argument 'cmake_clean_first' from command line to 'False'
[0.308s] Level 5:colcon.colcon_core.verb:set package 'realtime_nvblox' build argument 'cmake_force_configure' from command line to 'False'
[0.308s] Level 5:colcon.colcon_core.verb:set package 'realtime_nvblox' build argument 'ament_cmake_args' from command line to 'None'
[0.308s] Level 5:colcon.colcon_core.verb:set package 'realtime_nvblox' build argument 'catkin_cmake_args' from command line to 'None'
[0.308s] Level 5:colcon.colcon_core.verb:set package 'realtime_nvblox' build argument 'catkin_skip_building_tests' from command line to 'False'
[0.308s] DEBUG:colcon.colcon_core.verb:Building package 'realtime_nvblox' with the following arguments: {'ament_cmake_args': None, 'build_base': '/home/czz/realtime_nvblox_ws/build/realtime_nvblox', 'catkin_cmake_args': None, 'catkin_skip_building_tests': False, 'cmake_args': None, 'cmake_clean_cache': False, 'cmake_clean_first': False, 'cmake_force_configure': False, 'cmake_target': None, 'cmake_target_skip_unavailable': False, 'install_base': '/home/czz/realtime_nvblox_ws/install/realtime_nvblox', 'merge_install': False, 'path': '/home/czz/realtime_nvblox_ws/src/realtime_nvblox', 'symlink_install': False, 'test_result_base': None}
[0.308s] INFO:colcon.colcon_core.executor:Executing jobs using 'parallel' executor
[0.309s] DEBUG:colcon.colcon_parallel_executor.executor.parallel:run_until_complete
[0.309s] INFO:colcon.colcon_ros.task.ament_python.build:Building ROS package in '/home/czz/realtime_nvblox_ws/src/realtime_nvblox' with build type 'ament_python'
[0.309s] Level 1:colcon.colcon_core.shell:create_environment_hook('realtime_nvblox', 'ament_prefix_path')
[0.314s] INFO:colcon.colcon_core.plugin_system:Skipping extension 'colcon_core.shell.bat': Not used on non-Windows systems
[0.314s] INFO:colcon.colcon_core.shell:Creating environment hook '/home/czz/realtime_nvblox_ws/install/realtime_nvblox/share/realtime_nvblox/hook/ament_prefix_path.ps1'
[0.315s] INFO:colcon.colcon_core.shell:Creating environment descriptor '/home/czz/realtime_nvblox_ws/install/realtime_nvblox/share/realtime_nvblox/hook/ament_prefix_path.dsv'
[0.316s] INFO:colcon.colcon_core.shell:Creating environment hook '/home/czz/realtime_nvblox_ws/install/realtime_nvblox/share/realtime_nvblox/hook/ament_prefix_path.sh'
[0.316s] INFO:colcon.colcon_core.shell:Skip shell extension 'powershell' for command environment: Not usable outside of PowerShell
[0.317s] DEBUG:colcon.colcon_core.shell:Skip shell extension 'dsv' for command environment
[0.540s] INFO:colcon.colcon_core.task.python.build:Building Python package in '/home/czz/realtime_nvblox_ws/src/realtime_nvblox'
[0.541s] INFO:colcon.colcon_core.shell:Skip shell extension 'powershell' for command environment: Not usable outside of PowerShell
[0.541s] DEBUG:colcon.colcon_core.shell:Skip shell extension 'dsv' for command environment
[1.161s] DEBUG:colcon.colcon_core.event_handler.log_command:Invoking command in '/home/czz/realtime_nvblox_ws/build/realtime_nvblox': PYTHONPATH=/home/czz/realtime_nvblox_ws/build/realtime_nvblox/prefix_override:/usr/lib/python3/dist-packages/colcon_core/task/python/colcon_distutils_commands:/home/czz/realtime_nvblox_ws/install/realtime_nvblox/lib/python3.10/site-packages:${PYTHONPATH} /usr/bin/python3 -W ignore:setup.py install is deprecated -W ignore:easy_install command is deprecated setup.py develop --uninstall --editable --build-directory /home/czz/realtime_nvblox_ws/build/realtime_nvblox/build
[1.525s] DEBUG:colcon.colcon_core.event_handler.log_command:Invoked command in '/home/czz/realtime_nvblox_ws/build/realtime_nvblox' returned '0': PYTHONPATH=/home/czz/realtime_nvblox_ws/build/realtime_nvblox/prefix_override:/usr/lib/python3/dist-packages/colcon_core/task/python/colcon_distutils_commands:/home/czz/realtime_nvblox_ws/install/realtime_nvblox/lib/python3.10/site-packages:${PYTHONPATH} /usr/bin/python3 -W ignore:setup.py install is deprecated -W ignore:easy_install command is deprecated setup.py develop --uninstall --editable --build-directory /home/czz/realtime_nvblox_ws/build/realtime_nvblox/build
[1.529s] DEBUG:colcon.colcon_core.event_handler.log_command:Invoking command in '/home/czz/realtime_nvblox_ws/src/realtime_nvblox': PYTHONPATH=/home/czz/realtime_nvblox_ws/build/realtime_nvblox/prefix_override:/usr/lib/python3/dist-packages/colcon_core/task/python/colcon_distutils_commands:/home/czz/realtime_nvblox_ws/install/realtime_nvblox/lib/python3.10/site-packages:${PYTHONPATH} /usr/bin/python3 -W ignore:setup.py install is deprecated -W ignore:easy_install command is deprecated setup.py egg_info --egg-base ../../build/realtime_nvblox build --build-base /home/czz/realtime_nvblox_ws/build/realtime_nvblox/build install --record /home/czz/realtime_nvblox_ws/build/realtime_nvblox/install.log --single-version-externally-managed install_data --force
[1.953s] DEBUG:colcon.colcon_core.event_handler.log_command:Invoked command in '/home/czz/realtime_nvblox_ws/src/realtime_nvblox' returned '0': PYTHONPATH=/home/czz/realtime_nvblox_ws/build/realtime_nvblox/prefix_override:/usr/lib/python3/dist-packages/colcon_core/task/python/colcon_distutils_commands:/home/czz/realtime_nvblox_ws/install/realtime_nvblox/lib/python3.10/site-packages:${PYTHONPATH} /usr/bin/python3 -W ignore:setup.py install is deprecated -W ignore:easy_install command is deprecated setup.py egg_info --egg-base ../../build/realtime_nvblox build --build-base /home/czz/realtime_nvblox_ws/build/realtime_nvblox/build install --record /home/czz/realtime_nvblox_ws/build/realtime_nvblox/install.log --single-version-externally-managed install_data --force
[1.957s] Level 1:colcon.colcon_core.environment:checking '/home/czz/realtime_nvblox_ws/install/realtime_nvblox' for CMake module files
[1.957s] Level 1:colcon.colcon_core.environment:checking '/home/czz/realtime_nvblox_ws/install/realtime_nvblox' for CMake config files
[1.957s] Level 1:colcon.colcon_core.environment:checking '/home/czz/realtime_nvblox_ws/install/realtime_nvblox/lib'
[1.958s] Level 1:colcon.colcon_core.environment:checking '/home/czz/realtime_nvblox_ws/install/realtime_nvblox/bin'
[1.958s] Level 1:colcon.colcon_core.environment:checking '/home/czz/realtime_nvblox_ws/install/realtime_nvblox/lib/pkgconfig/realtime_nvblox.pc'
[1.958s] Level 1:colcon.colcon_core.environment:checking '/home/czz/realtime_nvblox_ws/install/realtime_nvblox/lib/python3.10/site-packages'
[1.958s] Level 1:colcon.colcon_core.shell:create_environment_hook('realtime_nvblox', 'pythonpath')
[1.958s] INFO:colcon.colcon_core.shell:Creating environment hook '/home/czz/realtime_nvblox_ws/install/realtime_nvblox/share/realtime_nvblox/hook/pythonpath.ps1'
[1.958s] INFO:colcon.colcon_core.shell:Creating environment descriptor '/home/czz/realtime_nvblox_ws/install/realtime_nvblox/share/realtime_nvblox/hook/pythonpath.dsv'
[1.958s] INFO:colcon.colcon_core.shell:Creating environment hook '/home/czz/realtime_nvblox_ws/install/realtime_nvblox/share/realtime_nvblox/hook/pythonpath.sh'
[1.959s] Level 1:colcon.colcon_core.environment:checking '/home/czz/realtime_nvblox_ws/install/realtime_nvblox/bin'
[1.959s] Level 1:colcon.colcon_core.environment:create_environment_scripts_only(realtime_nvblox)
[1.959s] INFO:colcon.colcon_core.shell:Creating package script '/home/czz/realtime_nvblox_ws/install/realtime_nvblox/share/realtime_nvblox/package.ps1'
[1.960s] INFO:colcon.colcon_core.shell:Creating package descriptor '/home/czz/realtime_nvblox_ws/install/realtime_nvblox/share/realtime_nvblox/package.dsv'
[1.960s] INFO:colcon.colcon_core.shell:Creating package script '/home/czz/realtime_nvblox_ws/install/realtime_nvblox/share/realtime_nvblox/package.sh'
[1.961s] INFO:colcon.colcon_core.shell:Creating package script '/home/czz/realtime_nvblox_ws/install/realtime_nvblox/share/realtime_nvblox/package.bash'
[1.961s] INFO:colcon.colcon_core.shell:Creating package script '/home/czz/realtime_nvblox_ws/install/realtime_nvblox/share/realtime_nvblox/package.zsh'
[1.962s] Level 1:colcon.colcon_core.environment:create_file_with_runtime_dependencies(/home/czz/realtime_nvblox_ws/install/realtime_nvblox/share/colcon-core/packages/realtime_nvblox)
[1.962s] DEBUG:colcon.colcon_parallel_executor.executor.parallel:closing loop
[1.963s] DEBUG:colcon.colcon_parallel_executor.executor.parallel:loop closed
[1.963s] DEBUG:colcon.colcon_parallel_executor.executor.parallel:run_until_complete finished with '0'
[1.963s] DEBUG:colcon.colcon_core.event_reactor:joining thread
[1.970s] INFO:colcon.colcon_core.plugin_system:Skipping extension 'colcon_notification.desktop_notification.terminal_notifier': Not used on non-Darwin systems
[1.970s] INFO:colcon.colcon_core.plugin_system:Skipping extension 'colcon_notification.desktop_notification.win32': Not used on non-Windows systems
[1.970s] INFO:colcon.colcon_notification.desktop_notification:Sending desktop notification using 'notify2'
[1.978s] DEBUG:colcon.colcon_core.event_reactor:joined thread
[1.979s] INFO:colcon.colcon_core.shell:Creating prefix script '/home/czz/realtime_nvblox_ws/install/local_setup.ps1'
[1.980s] INFO:colcon.colcon_core.shell:Creating prefix util module '/home/czz/realtime_nvblox_ws/install/_local_setup_util_ps1.py'
[1.982s] INFO:colcon.colcon_core.shell:Creating prefix chain script '/home/czz/realtime_nvblox_ws/install/setup.ps1'
[1.984s] INFO:colcon.colcon_core.shell:Creating prefix script '/home/czz/realtime_nvblox_ws/install/local_setup.sh'
[1.985s] INFO:colcon.colcon_core.shell:Creating prefix util module '/home/czz/realtime_nvblox_ws/install/_local_setup_util_sh.py'
[1.985s] INFO:colcon.colcon_core.shell:Creating prefix chain script '/home/czz/realtime_nvblox_ws/install/setup.sh'
[1.987s] INFO:colcon.colcon_core.shell:Creating prefix script '/home/czz/realtime_nvblox_ws/install/local_setup.bash'
[1.987s] INFO:colcon.colcon_core.shell:Creating prefix chain script '/home/czz/realtime_nvblox_ws/install/setup.bash'
[1.989s] INFO:colcon.colcon_core.shell:Creating prefix script '/home/czz/realtime_nvblox_ws/install/local_setup.zsh'
[1.989s] INFO:colcon.colcon_core.shell:Creating prefix chain script '/home/czz/realtime_nvblox_ws/install/setup.zsh'
