[0.587s] Invoking command in '/home/czz/realtime_nvblox_ws/src/realtime_nvblox': PYTHONPATH=/home/czz/realtime_nvblox_ws/build/realtime_nvblox/prefix_override:/usr/lib/python3/dist-packages/colcon_core/task/python/colcon_distutils_commands:/home/czz/realtime_nvblox_ws/install/realtime_nvblox/lib/python3.10/site-packages:${PYTHONPATH} /usr/bin/python3 -W ignore:setup.py install is deprecated -W ignore:easy_install command is deprecated setup.py egg_info --egg-base ../../build/realtime_nvblox build --build-base /home/czz/realtime_nvblox_ws/build/realtime_nvblox/build install --record /home/czz/realtime_nvblox_ws/build/realtime_nvblox/install.log --single-version-externally-managed install_data
[0.776s] running egg_info
[0.785s] writing ../../build/realtime_nvblox/realtime_nvblox.egg-info/PKG-INFO
[0.785s] writing dependency_links to ../../build/realtime_nvblox/realtime_nvblox.egg-info/dependency_links.txt
[0.785s] writing entry points to ../../build/realtime_nvblox/realtime_nvblox.egg-info/entry_points.txt
[0.785s] writing requirements to ../../build/realtime_nvblox/realtime_nvblox.egg-info/requires.txt
[0.786s] writing top-level names to ../../build/realtime_nvblox/realtime_nvblox.egg-info/top_level.txt
[0.842s] adding license file 'LICENSE'
[0.842s] writing manifest file '../../build/realtime_nvblox/realtime_nvblox.egg-info/SOURCES.txt'
[0.842s] running build
[0.843s] running build_py
[0.843s] running install
[0.845s] running install_lib
[0.861s] running install_data
[0.861s] copying config/esdf_benchmark.yaml -> /home/czz/realtime_nvblox_ws/install/realtime_nvblox/share/realtime_nvblox/config
[0.861s] copying rviz/realtime_nvblox.rviz -> /home/czz/realtime_nvblox_ws/install/realtime_nvblox/share/realtime_nvblox/rviz
[0.862s] running install_egg_info
[0.872s] removing '/home/czz/realtime_nvblox_ws/install/realtime_nvblox/lib/python3.10/site-packages/realtime_nvblox-1.2.0-py3.10.egg-info' (and everything under it)
[0.872s] Copying ../../build/realtime_nvblox/realtime_nvblox.egg-info to /home/czz/realtime_nvblox_ws/install/realtime_nvblox/lib/python3.10/site-packages/realtime_nvblox-1.2.0-py3.10.egg-info
[0.872s] running install_scripts
[0.941s] Installing check_environment script to /home/czz/realtime_nvblox_ws/install/realtime_nvblox/lib/realtime_nvblox
[0.942s] Installing ros_mapper script to /home/czz/realtime_nvblox_ws/install/realtime_nvblox/lib/realtime_nvblox
[0.942s] Installing standalone_mapper script to /home/czz/realtime_nvblox_ws/install/realtime_nvblox/lib/realtime_nvblox
[0.942s] writing list of installed files to '/home/czz/realtime_nvblox_ws/build/realtime_nvblox/install.log'
[0.962s] Invoked command in '/home/czz/realtime_nvblox_ws/src/realtime_nvblox' returned '0': PYTHONPATH=/home/czz/realtime_nvblox_ws/build/realtime_nvblox/prefix_override:/usr/lib/python3/dist-packages/colcon_core/task/python/colcon_distutils_commands:/home/czz/realtime_nvblox_ws/install/realtime_nvblox/lib/python3.10/site-packages:${PYTHONPATH} /usr/bin/python3 -W ignore:setup.py install is deprecated -W ignore:easy_install command is deprecated setup.py egg_info --egg-base ../../build/realtime_nvblox build --build-base /home/czz/realtime_nvblox_ws/build/realtime_nvblox/build install --record /home/czz/realtime_nvblox_ws/build/realtime_nvblox/install.log --single-version-externally-managed install_data
