[0.471s] Invoking command in '/home/czz/realtime_nvblox_ws/src/realtime_nvblox': PYTHONPATH=/home/czz/realtime_nvblox_ws/build/realtime_nvblox/prefix_override:/usr/lib/python3/dist-packages/colcon_core/task/python/colcon_distutils_commands:/home/czz/realtime_nvblox_ws/install/realtime_nvblox/lib/python3.10/site-packages:${PYTHONPATH} /usr/bin/python3 -W ignore:setup.py install is deprecated -W ignore:easy_install command is deprecated setup.py egg_info --egg-base ../../build/realtime_nvblox build --build-base /home/czz/realtime_nvblox_ws/build/realtime_nvblox/build install --record /home/czz/realtime_nvblox_ws/build/realtime_nvblox/install.log --single-version-externally-managed install_data
[0.641s] running egg_info
[0.649s] writing ../../build/realtime_nvblox/realtime_nvblox.egg-info/PKG-INFO
[0.650s] writing dependency_links to ../../build/realtime_nvblox/realtime_nvblox.egg-info/dependency_links.txt
[0.650s] writing entry points to ../../build/realtime_nvblox/realtime_nvblox.egg-info/entry_points.txt
[0.650s] writing requirements to ../../build/realtime_nvblox/realtime_nvblox.egg-info/requires.txt
[0.650s] writing top-level names to ../../build/realtime_nvblox/realtime_nvblox.egg-info/top_level.txt
[0.700s] adding license file 'LICENSE'
[0.701s] writing manifest file '../../build/realtime_nvblox/realtime_nvblox.egg-info/SOURCES.txt'
[0.701s] running build
[0.701s] running build_py
[0.701s] copying realtime_nvblox/runtime.py -> /home/czz/realtime_nvblox_ws/build/realtime_nvblox/build/lib/realtime_nvblox
[0.701s] copying realtime_nvblox/nvblox_backend.py -> /home/czz/realtime_nvblox_ws/build/realtime_nvblox/build/lib/realtime_nvblox
[0.702s] copying realtime_nvblox/realsense_source.py -> /home/czz/realtime_nvblox_ws/build/realtime_nvblox/build/lib/realtime_nvblox
[0.702s] running install
[0.704s] running install_lib
[0.714s] running install_data
[0.714s] copying config/default.yaml -> /home/czz/realtime_nvblox_ws/install/realtime_nvblox/share/realtime_nvblox/config
[0.714s] running install_egg_info
[0.728s] removing '/home/czz/realtime_nvblox_ws/install/realtime_nvblox/lib/python3.10/site-packages/realtime_nvblox-1.0.0-py3.10.egg-info' (and everything under it)
[0.728s] Copying ../../build/realtime_nvblox/realtime_nvblox.egg-info to /home/czz/realtime_nvblox_ws/install/realtime_nvblox/lib/python3.10/site-packages/realtime_nvblox-1.0.0-py3.10.egg-info
[0.728s] running install_scripts
[0.790s] Installing check_environment script to /home/czz/realtime_nvblox_ws/install/realtime_nvblox/lib/realtime_nvblox
[0.791s] Installing ros_mapper script to /home/czz/realtime_nvblox_ws/install/realtime_nvblox/lib/realtime_nvblox
[0.791s] Installing standalone_mapper script to /home/czz/realtime_nvblox_ws/install/realtime_nvblox/lib/realtime_nvblox
[0.791s] writing list of installed files to '/home/czz/realtime_nvblox_ws/build/realtime_nvblox/install.log'
[0.810s] Invoked command in '/home/czz/realtime_nvblox_ws/src/realtime_nvblox' returned '0': PYTHONPATH=/home/czz/realtime_nvblox_ws/build/realtime_nvblox/prefix_override:/usr/lib/python3/dist-packages/colcon_core/task/python/colcon_distutils_commands:/home/czz/realtime_nvblox_ws/install/realtime_nvblox/lib/python3.10/site-packages:${PYTHONPATH} /usr/bin/python3 -W ignore:setup.py install is deprecated -W ignore:easy_install command is deprecated setup.py egg_info --egg-base ../../build/realtime_nvblox build --build-base /home/czz/realtime_nvblox_ws/build/realtime_nvblox/build install --record /home/czz/realtime_nvblox_ws/build/realtime_nvblox/install.log --single-version-externally-managed install_data
