/home/czz/realtime_nvblox_ws/install/realtime_nvblox/lib/python3.10/site-packages/realtime_nvblox/stats.py
/home/czz/realtime_nvblox_ws/install/realtime_nvblox/lib/python3.10/site-packages/realtime_nvblox/check_env.py
/home/czz/realtime_nvblox_ws/install/realtime_nvblox/lib/python3.10/site-packages/realtime_nvblox/runtime.py
/home/czz/realtime_nvblox_ws/install/realtime_nvblox/lib/python3.10/site-packages/realtime_nvblox/runtime_loader.py
/home/czz/realtime_nvblox_ws/install/realtime_nvblox/lib/python3.10/site-packages/realtime_nvblox/latest_slot.py
/home/czz/realtime_nvblox_ws/install/realtime_nvblox/lib/python3.10/site-packages/realtime_nvblox/queues.py
/home/czz/realtime_nvblox_ws/install/realtime_nvblox/lib/python3.10/site-packages/realtime_nvblox/config.py
/home/czz/realtime_nvblox_ws/install/realtime_nvblox/lib/python3.10/site-packages/realtime_nvblox/rate_limiter.py
/home/czz/realtime_nvblox_ws/install/realtime_nvblox/lib/python3.10/site-packages/realtime_nvblox/types.py
/home/czz/realtime_nvblox_ws/install/realtime_nvblox/lib/python3.10/site-packages/realtime_nvblox/__init__.py
/home/czz/realtime_nvblox_ws/install/realtime_nvblox/lib/python3.10/site-packages/realtime_nvblox/ros_node.py
/home/czz/realtime_nvblox_ws/install/realtime_nvblox/lib/python3.10/site-packages/realtime_nvblox/cli.py
/home/czz/realtime_nvblox_ws/install/realtime_nvblox/lib/python3.10/site-packages/realtime_nvblox/cuvslam_backend.py
/home/czz/realtime_nvblox_ws/install/realtime_nvblox/lib/python3.10/site-packages/realtime_nvblox/pose_buffer.py
/home/czz/realtime_nvblox_ws/install/realtime_nvblox/lib/python3.10/site-packages/realtime_nvblox/nvblox_backend.py
/home/czz/realtime_nvblox_ws/install/realtime_nvblox/lib/python3.10/site-packages/realtime_nvblox/realsense_source.py
/home/czz/realtime_nvblox_ws/install/realtime_nvblox/lib/python3.10/site-packages/realtime_nvblox/ros_publishers.py
/home/czz/realtime_nvblox_ws/install/realtime_nvblox/lib/python3.10/site-packages/realtime_nvblox/robot_pose.py
/home/czz/realtime_nvblox_ws/install/realtime_nvblox/lib/python3.10/site-packages/realtime_nvblox/default.yaml
/home/czz/realtime_nvblox_ws/install/realtime_nvblox/lib/python3.10/site-packages/realtime_nvblox/__pycache__/stats.cpython-310.pyc
/home/czz/realtime_nvblox_ws/install/realtime_nvblox/lib/python3.10/site-packages/realtime_nvblox/__pycache__/check_env.cpython-310.pyc
/home/czz/realtime_nvblox_ws/install/realtime_nvblox/lib/python3.10/site-packages/realtime_nvblox/__pycache__/runtime.cpython-310.pyc
/home/czz/realtime_nvblox_ws/install/realtime_nvblox/lib/python3.10/site-packages/realtime_nvblox/__pycache__/runtime_loader.cpython-310.pyc
/home/czz/realtime_nvblox_ws/install/realtime_nvblox/lib/python3.10/site-packages/realtime_nvblox/__pycache__/latest_slot.cpython-310.pyc
/home/czz/realtime_nvblox_ws/install/realtime_nvblox/lib/python3.10/site-packages/realtime_nvblox/__pycache__/queues.cpython-310.pyc
/home/czz/realtime_nvblox_ws/install/realtime_nvblox/lib/python3.10/site-packages/realtime_nvblox/__pycache__/config.cpython-310.pyc
/home/czz/realtime_nvblox_ws/install/realtime_nvblox/lib/python3.10/site-packages/realtime_nvblox/__pycache__/rate_limiter.cpython-310.pyc
/home/czz/realtime_nvblox_ws/install/realtime_nvblox/lib/python3.10/site-packages/realtime_nvblox/__pycache__/types.cpython-310.pyc
/home/czz/realtime_nvblox_ws/install/realtime_nvblox/lib/python3.10/site-packages/realtime_nvblox/__pycache__/__init__.cpython-310.pyc
/home/czz/realtime_nvblox_ws/install/realtime_nvblox/lib/python3.10/site-packages/realtime_nvblox/__pycache__/ros_node.cpython-310.pyc
/home/czz/realtime_nvblox_ws/install/realtime_nvblox/lib/python3.10/site-packages/realtime_nvblox/__pycache__/cli.cpython-310.pyc
/home/czz/realtime_nvblox_ws/install/realtime_nvblox/lib/python3.10/site-packages/realtime_nvblox/__pycache__/cuvslam_backend.cpython-310.pyc
/home/czz/realtime_nvblox_ws/install/realtime_nvblox/lib/python3.10/site-packages/realtime_nvblox/__pycache__/pose_buffer.cpython-310.pyc
/home/czz/realtime_nvblox_ws/install/realtime_nvblox/lib/python3.10/site-packages/realtime_nvblox/__pycache__/nvblox_backend.cpython-310.pyc
/home/czz/realtime_nvblox_ws/install/realtime_nvblox/lib/python3.10/site-packages/realtime_nvblox/__pycache__/realsense_source.cpython-310.pyc
/home/czz/realtime_nvblox_ws/install/realtime_nvblox/lib/python3.10/site-packages/realtime_nvblox/__pycache__/ros_publishers.cpython-310.pyc
/home/czz/realtime_nvblox_ws/install/realtime_nvblox/lib/python3.10/site-packages/realtime_nvblox/__pycache__/robot_pose.cpython-310.pyc
/home/czz/realtime_nvblox_ws/install/realtime_nvblox/share/ament_index/resource_index/packages/realtime_nvblox
/home/czz/realtime_nvblox_ws/install/realtime_nvblox/share/realtime_nvblox/package.xml
/home/czz/realtime_nvblox_ws/install/realtime_nvblox/share/realtime_nvblox/README.md
/home/czz/realtime_nvblox_ws/install/realtime_nvblox/share/realtime_nvblox/DEPLOY.md
/home/czz/realtime_nvblox_ws/install/realtime_nvblox/share/realtime_nvblox/LICENSE
/home/czz/realtime_nvblox_ws/install/realtime_nvblox/share/realtime_nvblox/launch/reconstruction.launch.py
/home/czz/realtime_nvblox_ws/install/realtime_nvblox/share/realtime_nvblox/config
/home/czz/realtime_nvblox_ws/install/realtime_nvblox/share/realtime_nvblox/rviz/realtime_nvblox.rviz
/home/czz/realtime_nvblox_ws/install/realtime_nvblox/lib/python3.10/site-packages/realtime_nvblox-1.2.0-py3.10.egg-info/requires.txt
/home/czz/realtime_nvblox_ws/install/realtime_nvblox/lib/python3.10/site-packages/realtime_nvblox-1.2.0-py3.10.egg-info/entry_points.txt
/home/czz/realtime_nvblox_ws/install/realtime_nvblox/lib/python3.10/site-packages/realtime_nvblox-1.2.0-py3.10.egg-info/dependency_links.txt
/home/czz/realtime_nvblox_ws/install/realtime_nvblox/lib/python3.10/site-packages/realtime_nvblox-1.2.0-py3.10.egg-info/SOURCES.txt
/home/czz/realtime_nvblox_ws/install/realtime_nvblox/lib/python3.10/site-packages/realtime_nvblox-1.2.0-py3.10.egg-info/not-zip-safe
/home/czz/realtime_nvblox_ws/install/realtime_nvblox/lib/python3.10/site-packages/realtime_nvblox-1.2.0-py3.10.egg-info/PKG-INFO
/home/czz/realtime_nvblox_ws/install/realtime_nvblox/lib/python3.10/site-packages/realtime_nvblox-1.2.0-py3.10.egg-info/top_level.txt
/home/czz/realtime_nvblox_ws/install/realtime_nvblox/lib/realtime_nvblox/check_environment
/home/czz/realtime_nvblox_ws/install/realtime_nvblox/lib/realtime_nvblox/ros_mapper
/home/czz/realtime_nvblox_ws/install/realtime_nvblox/lib/realtime_nvblox/standalone_mapper
